Worst case timeout for cpustress = 1500.0 seconds
[cmd-12] $ nice -n 10 stress-ng --peterson 4 --vm-segv 32 --numa 4 --tsearch 128 --ramfs 16 --hdd 16 --icmp-flood 4 --switch 4 --hrtimers 16 --hrtimers-adjust --sysfs 16 --klog-check --sysinval 4 -t 300 --tz -v --verify -t 600
[cmd-12] starttime: Thu Aug 27 10:45:17 2026
[cmd-12] stress-ng: debug: [48909] invoked with 'stress-ng --peterson 4 --vm-segv 32 --numa 4 --tsearch 128 --ramfs 16 --hdd 16 --icmp-flood 4 --switch 4 --hrtimers 16 --hrtimers-adjust --sysfs 16 --klog-check --sysinval 4 -t 300 --tz -v --verify -t 600' by user 0 'root'
[cmd-12] stress-ng: debug: [48909] stress-ng 0.17.06
[cmd-12] stress-ng: debug: [48909] system: Linux spark-5208 6.17.0-1031-nvidia #31-Ubuntu SMP PREEMPT_DYNAMIC Fri Jul 24 22:03:06 UTC 2026 aarch64, gcc 13.2.0, glibc 2.39
[cmd-12] stress-ng: debug: [48909] RAM total: 121.7G, RAM free: 104.0G, swap free: 16.0G
[cmd-12] stress-ng: debug: [48909] temporary file path: '/opt/nvidia/dgx-spark-fieldiag/dgx/logs-20260827-104115/CpuStress2', filesystem type: ext2 (371297256 blocks available)
[cmd-12] stress-ng: debug: [48909] CPUs have 4 idle states: LPI-0, LPI-1, LPI-2, LPI-3
[cmd-12] stress-ng: debug: [48909] 20 processors online, 20 processors configured
[cmd-12] stress-ng: info:  [48909] disabled 'sysinval' as it may hang or reboot the machine (enable it with the --pathological option)
[cmd-12] stress-ng: info:  [48909] setting to a 10 mins, 0 secs run per stressor
[cmd-12] stress-ng: debug: [48909] CPU data cache: L1: 64K, L2: 512K, L3: 8192K
[cmd-12] stress-ng: debug: [48909] cache allocate: shared cache buffer size: 8192K
[cmd-12] stress-ng: info:  [48909] dispatching hogs: 4 peterson, 32 vm-segv, 4 numa, 128 tsearch, 16 ramfs, 16 hdd, 4 icmp-flood, 4 switch, 16 hrtimers, 16 sysfs
[cmd-12] stress-ng: debug: [48909] starting stressors
[cmd-12] stress-ng: debug: [48912] peterson: [48912] started (instance 0 on CPU 11)
[cmd-12] stress-ng: debug: [48913] peterson: [48913] started (instance 1 on CPU 3)
[cmd-12] stress-ng: debug: [48914] peterson: [48914] started (instance 2 on CPU 11)
[cmd-12] stress-ng: debug: [48915] peterson: [48915] started (instance 3 on CPU 4)
[cmd-12] stress-ng: debug: [48916] vm-segv: [48916] started (instance 0 on CPU 11)
[cmd-12] stress-ng: debug: [48917] vm-segv: [48917] started (instance 1 on CPU 5)
[cmd-12] stress-ng: debug: [48918] vm-segv: [48918] started (instance 2 on CPU 12)
[cmd-12] stress-ng: debug: [48919] vm-segv: [48919] started (instance 3 on CPU 6)
[cmd-12] stress-ng: debug: [48920] vm-segv: [48920] started (instance 4 on CPU 13)
[cmd-12] stress-ng: debug: [48922] vm-segv: [48922] started (instance 5 on CPU 7)
[cmd-12] stress-ng: debug: [48925] vm-segv: [48925] started (instance 6 on CPU 9)
[cmd-12] stress-ng: debug: [48927] vm-segv: [48927] started (instance 7 on CPU 13)
[cmd-12] stress-ng: debug: [48931] vm-segv: [48931] started (instance 9 on CPU 6)
[cmd-12] stress-ng: debug: [48933] vm-segv: [48933] started (instance 10 on CPU 13)
[cmd-12] stress-ng: debug: [48935] vm-segv: [48935] started (instance 11 on CPU 17)
[cmd-12] stress-ng: debug: [48930] vm-segv: [48930] started (instance 8 on CPU 2)
[cmd-12] stress-ng: debug: [48937] vm-segv: [48937] started (instance 12 on CPU 2)
[cmd-12] stress-ng: debug: [48941] vm-segv: [48941] started (instance 13 on CPU 15)
[cmd-12] stress-ng: debug: [48944] vm-segv: [48944] started (instance 14 on CPU 9)
[cmd-12] stress-ng: debug: [48947] vm-segv: [48947] started (instance 15 on CPU 18)
[cmd-12] stress-ng: debug: [48953] vm-segv: [48953] started (instance 16 on CPU 6)
[cmd-12] stress-ng: debug: [48956] vm-segv: [48956] started (instance 17 on CPU 7)
[cmd-12] stress-ng: debug: [48960] vm-segv: [48960] started (instance 18 on CPU 7)
[cmd-12] stress-ng: debug: [48974] vm-segv: [48974] started (instance 21 on CPU 7)
[cmd-12] stress-ng: debug: [48966] vm-segv: [48966] started (instance 19 on CPU 7)
[cmd-12] stress-ng: debug: [48972] vm-segv: [48972] started (instance 20 on CPU 7)
[cmd-12] stress-ng: debug: [48978] vm-segv: [48978] started (instance 22 on CPU 7)
[cmd-12] stress-ng: debug: [48984] vm-segv: [48984] started (instance 23 on CPU 7)
[cmd-12] stress-ng: debug: [48986] vm-segv: [48986] started (instance 24 on CPU 7)
[cmd-12] stress-ng: debug: [48990] vm-segv: [48990] started (instance 25 on CPU 7)
[cmd-12] stress-ng: debug: [48996] vm-segv: [48996] started (instance 26 on CPU 7)
[cmd-12] stress-ng: debug: [49001] vm-segv: [49001] started (instance 27 on CPU 7)
[cmd-12] stress-ng: debug: [49014] vm-segv: [49014] started (instance 30 on CPU 7)
[cmd-12] stress-ng: debug: [49008] vm-segv: [49008] started (instance 28 on CPU 0)
[cmd-12] stress-ng: debug: [49012] vm-segv: [49012] started (instance 29 on CPU 7)
[cmd-12] stress-ng: debug: [49025] numa: [49025] started (instance 0 on CPU 7)
[cmd-12] stress-ng: debug: [49020] vm-segv: [49020] started (instance 31 on CPU 7)
[cmd-12] stress-ng: debug: [49029] numa: [49029] started (instance 1 on CPU 7)
[cmd-12] stress-ng: debug: [49039] numa: [49039] started (instance 3 on CPU 7)
[cmd-12] stress-ng: debug: [49037] numa: [49037] started (instance 2 on CPU 7)
[cmd-12] stress-ng: debug: [49044] tsearch: [49044] started (instance 0 on CPU 7)
[cmd-12] stress-ng: debug: [49048] tsearch: [49048] started (instance 1 on CPU 7)
[cmd-12] stress-ng: debug: [49060] tsearch: [49060] started (instance 4 on CPU 7)
[cmd-12] stress-ng: debug: [49066] tsearch: [49066] started (instance 5 on CPU 7)
[cmd-12] stress-ng: debug: [49073] tsearch: [49073] started (instance 6 on CPU 7)
[cmd-12] stress-ng: debug: [49077] tsearch: [49077] started (instance 7 on CPU 7)
[cmd-12] stress-ng: debug: [49092] tsearch: [49092] started (instance 11 on CPU 4)
[cmd-12] stress-ng: debug: [49054] tsearch: [49054] started (instance 2 on CPU 7)
[cmd-12] stress-ng: debug: [49058] tsearch: [49058] started (instance 3 on CPU 7)
[cmd-12] stress-ng: debug: [49091] tsearch: [49091] started (instance 10 on CPU 0)
[cmd-12] stress-ng: debug: [49086] tsearch: [49086] started (instance 9 on CPU 0)
[cmd-12] stress-ng: debug: [49097] tsearch: [49097] started (instance 12 on CPU 0)
[cmd-12] stress-ng: debug: [49103] tsearch: [49103] started (instance 13 on CPU 3)
[cmd-12] stress-ng: debug: [49080] tsearch: [49080] started (instance 8 on CPU 0)
[cmd-12] stress-ng: debug: [49111] tsearch: [49111] started (instance 15 on CPU 3)
[cmd-12] stress-ng: debug: [49122] tsearch: [49122] started (instance 17 on CPU 6)
[cmd-12] stress-ng: debug: [49107] tsearch: [49107] started (instance 14 on CPU 0)
[cmd-12] stress-ng: info:  [49025] numa: system has 1 of a maximum 64 memory NUMA nodes. Using 4.0MB mappings for each instance.
[cmd-12] stress-ng: debug: [49139] tsearch: [49139] started (instance 21 on CPU 5)
[cmd-12] stress-ng: debug: [49134] tsearch: [49134] started (instance 19 on CPU 17)
[cmd-12] stress-ng: debug: [49137] tsearch: [49137] started (instance 20 on CPU 9)
[cmd-12] stress-ng: debug: [49128] tsearch: [49128] started (instance 18 on CPU 2)
[cmd-12] stress-ng: debug: [49144] tsearch: [49144] started (instance 22 on CPU 9)
[cmd-12] stress-ng: debug: [49149] tsearch: [49149] started (instance 23 on CPU 6)
[cmd-12] stress-ng: debug: [49156] tsearch: [49156] started (instance 25 on CPU 16)
[cmd-12] stress-ng: debug: [49155] tsearch: [49155] started (instance 24 on CPU 17)
[cmd-12] stress-ng: debug: [49116] tsearch: [49116] started (instance 16 on CPU 8)
[cmd-12] stress-ng: debug: [49170] tsearch: [49170] started (instance 27 on CPU 11)
[cmd-12] stress-ng: debug: [49174] tsearch: [49174] started (instance 28 on CPU 18)
[cmd-12] stress-ng: debug: [49164] tsearch: [49164] started (instance 26 on CPU 13)
[cmd-12] stress-ng: debug: [49176] tsearch: [49176] started (instance 29 on CPU 5)
[cmd-12] stress-ng: debug: [49190] tsearch: [49190] started (instance 33 on CPU 12)
[cmd-12] stress-ng: debug: [49185] tsearch: [49185] started (instance 32 on CPU 7)
[cmd-12] stress-ng: debug: [49199] tsearch: [49199] started (instance 35 on CPU 5)
[cmd-12] stress-ng: debug: [49192] tsearch: [49192] started (instance 34 on CPU 7)
[cmd-12] stress-ng: debug: [49207] tsearch: [49207] started (instance 37 on CPU 5)
[cmd-12] stress-ng: debug: [49202] tsearch: [49202] started (instance 36 on CPU 6)
[cmd-12] stress-ng: debug: [49180] tsearch: [49180] started (instance 30 on CPU 18)
[cmd-12] stress-ng: debug: [49181] tsearch: [49181] started (instance 31 on CPU 18)
[cmd-12] stress-ng: debug: [49222] tsearch: [49222] started (instance 42 on CPU 11)
[cmd-12] stress-ng: debug: [49209] tsearch: [49209] started (instance 38 on CPU 13)
[cmd-12] stress-ng: debug: [49214] tsearch: [49214] started (instance 39 on CPU 18)
[cmd-12] stress-ng: debug: [49217] tsearch: [49217] started (instance 40 on CPU 15)
[cmd-12] stress-ng: debug: [49218] tsearch: [49218] started (instance 41 on CPU 18)
[cmd-12] stress-ng: debug: [49224] tsearch: [49224] started (instance 43 on CPU 15)
[cmd-12] stress-ng: debug: [49239] tsearch: [49239] started (instance 47 on CPU 5)
[cmd-12] stress-ng: debug: [49227] tsearch: [49227] started (instance 44 on CPU 14)
[cmd-12] stress-ng: debug: [49244] tsearch: [49244] started (instance 49 on CPU 6)
[cmd-12] stress-ng: debug: [49235] tsearch: [49235] started (instance 46 on CPU 12)
[cmd-12] stress-ng: debug: [49252] tsearch: [49252] started (instance 51 on CPU 4)
[cmd-12] stress-ng: debug: [49246] tsearch: [49246] started (instance 50 on CPU 18)
[cmd-12] stress-ng: debug: [49231] tsearch: [49231] started (instance 45 on CPU 11)
[cmd-12] stress-ng: debug: [49243] tsearch: [49243] started (instance 48 on CPU 14)
[cmd-12] stress-ng: debug: [49266] tsearch: [49266] started (instance 53 on CPU 18)
[cmd-12] stress-ng: debug: [49283] tsearch: [49283] started (instance 58 on CPU 15)
[cmd-12] stress-ng: debug: [49262] tsearch: [49262] started (instance 52 on CPU 1)
[cmd-12] stress-ng: debug: [49269] tsearch: [49269] started (instance 54 on CPU 18)
[cmd-12] stress-ng: debug: [49274] tsearch: [49274] started (instance 55 on CPU 18)
[cmd-12] stress-ng: debug: [49276] tsearch: [49276] started (instance 56 on CPU 18)
[cmd-12] stress-ng: debug: [49278] tsearch: [49278] started (instance 57 on CPU 18)
[cmd-12] stress-ng: debug: [49295] tsearch: [49295] started (instance 60 on CPU 5)
[cmd-12] stress-ng: debug: [49300] tsearch: [49300] started (instance 62 on CPU 1)
[cmd-12] stress-ng: debug: [49297] tsearch: [49297] started (instance 61 on CPU 5)
[cmd-12] stress-ng: debug: [49305] tsearch: [49305] started (instance 63 on CPU 8)
[cmd-12] stress-ng: debug: [49319] tsearch: [49319] started (instance 71 on CPU 3)
[cmd-12] stress-ng: debug: [49322] tsearch: [49322] started (instance 72 on CPU 4)
[cmd-12] stress-ng: debug: [49308] tsearch: [49308] started (instance 64 on CPU 8)
[cmd-12] stress-ng: debug: [49291] tsearch: [49291] started (instance 59 on CPU 7)
[cmd-12] stress-ng: debug: [49312] tsearch: [49312] started (instance 67 on CPU 2)
[cmd-12] stress-ng: debug: [49310] tsearch: [49310] started (instance 65 on CPU 8)
[cmd-12] stress-ng: debug: [49313] tsearch: [49313] started (instance 68 on CPU 8)
[cmd-12] stress-ng: debug: [49336] tsearch: [49336] started (instance 76 on CPU 6)
[cmd-12] stress-ng: debug: [49311] tsearch: [49311] started (instance 66 on CPU 1)
[cmd-12] stress-ng: debug: [49327] tsearch: [49327] started (instance 74 on CPU 4)
[cmd-12] stress-ng: debug: [49316] tsearch: [49316] started (instance 69 on CPU 8)
[cmd-12] stress-ng: debug: [49317] tsearch: [49317] started (instance 70 on CPU 8)
[cmd-12] stress-ng: debug: [49332] tsearch: [49332] started (instance 75 on CPU 4)
[cmd-12] stress-ng: debug: [49404] tsearch: [49404] started (instance 77 on CPU 5)
[cmd-12] stress-ng: debug: [49411] tsearch: [49411] started (instance 79 on CPU 6)
[cmd-12] stress-ng: debug: [49409] tsearch: [49409] started (instance 78 on CPU 5)
[cmd-12] stress-ng: debug: [49413] tsearch: [49413] started (instance 80 on CPU 6)
[cmd-12] stress-ng: debug: [49415] tsearch: [49415] started (instance 81 on CPU 6)
[cmd-12] stress-ng: debug: [49420] tsearch: [49420] started (instance 83 on CPU 1)
[cmd-12] stress-ng: debug: [49417] tsearch: [49417] started (instance 82 on CPU 5)
[cmd-12] stress-ng: debug: [49489] tsearch: [49489] started (instance 86 on CPU 8)
[cmd-12] stress-ng: debug: [49496] tsearch: [49496] started (instance 88 on CPU 7)
[cmd-12] stress-ng: debug: [49498] tsearch: [49498] started (instance 89 on CPU 6)
[cmd-12] stress-ng: debug: [49481] tsearch: [49481] started (instance 84 on CPU 3)
[cmd-12] stress-ng: debug: [49501] tsearch: [49501] started (instance 90 on CPU 3)
[cmd-12] stress-ng: debug: [49493] tsearch: [49493] started (instance 87 on CPU 7)
[cmd-12] stress-ng: debug: [49487] tsearch: [49487] started (instance 85 on CPU 7)
[cmd-12] stress-ng: debug: [49324] tsearch: [49324] started (instance 73 on CPU 3)
[cmd-12] stress-ng: debug: [49635] tsearch: [49635] started (instance 100 on CPU 7)
[cmd-12] stress-ng: debug: [49603] tsearch: [49603] started (instance 91 on CPU 1)
[cmd-12] stress-ng: debug: [49609] tsearch: [49609] started (instance 92 on CPU 1)
[cmd-12] stress-ng: debug: [49613] tsearch: [49613] started (instance 93 on CPU 1)
[cmd-12] stress-ng: debug: [49615] tsearch: [49615] started (instance 94 on CPU 1)
[cmd-12] stress-ng: debug: [49620] tsearch: [49620] started (instance 95 on CPU 1)
[cmd-12] stress-ng: debug: [49625] tsearch: [49625] started (instance 97 on CPU 1)
[cmd-12] stress-ng: debug: [49632] tsearch: [49632] started (instance 99 on CPU 1)
[cmd-12] stress-ng: debug: [49623] tsearch: [49623] started (instance 96 on CPU 5)
[cmd-12] stress-ng: debug: [49629] tsearch: [49629] started (instance 98 on CPU 5)
[cmd-12] stress-ng: debug: [49834] tsearch: [49834] started (instance 103 on CPU 6)
[cmd-12] stress-ng: debug: [49831] tsearch: [49831] started (instance 102 on CPU 7)
[cmd-12] stress-ng: debug: [49841] tsearch: [49841] started (instance 106 on CPU 8)
[cmd-12] stress-ng: debug: [49839] tsearch: [49839] started (instance 105 on CPU 7)
[cmd-12] stress-ng: debug: [49844] tsearch: [49844] started (instance 107 on CPU 5)
[cmd-12] stress-ng: debug: [49846] tsearch: [49846] started (instance 108 on CPU 6)
[cmd-12] stress-ng: debug: [49851] tsearch: [49851] started (instance 111 on CPU 3)
[cmd-12] stress-ng: debug: [49854] tsearch: [49854] started (instance 113 on CPU 7)
[cmd-12] stress-ng: debug: [49853] tsearch: [49853] started (instance 112 on CPU 4)
[cmd-12] stress-ng: debug: [49849] tsearch: [49849] started (instance 110 on CPU 5)
[cmd-12] stress-ng: debug: [49848] tsearch: [49848] started (instance 109 on CPU 8)
[cmd-12] stress-ng: debug: [49837] tsearch: [49837] started (instance 104 on CPU 8)
[cmd-12] stress-ng: debug: [49829] tsearch: [49829] started (instance 101 on CPU 8)
[cmd-12] stress-ng: debug: [50137] tsearch: [50137] started (instance 114 on CPU 7)
[cmd-12] stress-ng: debug: [50150] tsearch: [50150] started (instance 119 on CPU 8)
[cmd-12] stress-ng: debug: [50149] tsearch: [50149] started (instance 118 on CPU 5)
[cmd-12] stress-ng: debug: [50142] tsearch: [50142] started (instance 115 on CPU 1)
[cmd-12] stress-ng: debug: [50168] tsearch: [50168] started (instance 127 on CPU 8)
[cmd-12] stress-ng: debug: [50145] tsearch: [50145] started (instance 116 on CPU 1)
[cmd-12] stress-ng: debug: [50146] tsearch: [50146] started (instance 117 on CPU 1)
[cmd-12] stress-ng: debug: [50156] tsearch: [50156] started (instance 122 on CPU 1)
[cmd-12] stress-ng: debug: [50154] tsearch: [50154] started (instance 121 on CPU 6)
[cmd-12] stress-ng: debug: [50163] tsearch: [50163] started (instance 124 on CPU 6)
[cmd-12] stress-ng: debug: [50170] ramfs: [50170] started (instance 0 on CPU 2)
[cmd-12] stress-ng: debug: [50173] ramfs: [50173] started (instance 1 on CPU 2)
[cmd-12] stress-ng: debug: [50152] tsearch: [50152] started (instance 120 on CPU 0)
[cmd-12] stress-ng: debug: [50166] tsearch: [50166] started (instance 126 on CPU 5)
[cmd-12] stress-ng: debug: [50164] tsearch: [50164] started (instance 125 on CPU 0)
[cmd-12] stress-ng: debug: [50159] tsearch: [50159] started (instance 123 on CPU 5)
[cmd-12] stress-ng: debug: [50415] ramfs: [50415] started (instance 9 on CPU 5)
[cmd-12] stress-ng: debug: [50418] ramfs: [50418] started (instance 10 on CPU 6)
[cmd-12] stress-ng: debug: [50404] ramfs: [50404] started (instance 5 on CPU 4)
[cmd-12] stress-ng: debug: [50407] ramfs: [50407] started (instance 6 on CPU 4)
[cmd-12] stress-ng: debug: [50432] ramfs: [50432] started (instance 14 on CPU 9)
[cmd-12] stress-ng: debug: [50397] ramfs: [50397] started (instance 2 on CPU 3)
[cmd-12] stress-ng: debug: [50401] ramfs: [50401] started (instance 3 on CPU 3)
[cmd-12] stress-ng: debug: [50428] ramfs: [50428] started (instance 12 on CPU 9)
[cmd-12] stress-ng: debug: [50403] ramfs: [50403] started (instance 4 on CPU 3)
[cmd-12] stress-ng: debug: [50410] ramfs: [50410] started (instance 7 on CPU 3)
[cmd-12] stress-ng: debug: [50424] ramfs: [50424] started (instance 11 on CPU 3)
[cmd-12] stress-ng: debug: [50430] ramfs: [50430] started (instance 13 on CPU 6)
[cmd-12] stress-ng: debug: [50413] ramfs: [50413] started (instance 8 on CPU 7)
[cmd-12] stress-ng: debug: [50436] ramfs: [50436] started (instance 15 on CPU 6)
[cmd-12] stress-ng: debug: [50697] hdd: [50697] started (instance 1 on CPU 5)
[cmd-12] stress-ng: debug: [50691] hdd: [50691] started (instance 0 on CPU 7)
[cmd-12] stress-ng: debug: [50703] hdd: [50703] started (instance 3 on CPU 3)
[cmd-12] stress-ng: debug: [50699] hdd: [50699] started (instance 2 on CPU 6)
[cmd-12] stress-ng: debug: [50741] hdd: [50741] started (instance 5 on CPU 3)
[cmd-12] stress-ng: debug: [50740] hdd: [50740] started (instance 4 on CPU 4)
[cmd-12] stress-ng: debug: [50804] hdd: [50804] started (instance 8 on CPU 5)
[cmd-12] stress-ng: debug: [50796] hdd: [50796] started (instance 6 on CPU 9)
[cmd-12] stress-ng: debug: [50801] hdd: [50801] started (instance 7 on CPU 9)
[cmd-12] stress-ng: debug: [50993] hdd: [50993] started (instance 11 on CPU 10)
[cmd-12] stress-ng: debug: [50998] hdd: [50998] started (instance 13 on CPU 12)
[cmd-12] stress-ng: debug: [50990] hdd: [50990] started (instance 10 on CPU 11)
[cmd-12] stress-ng: debug: [50986] hdd: [50986] started (instance 9 on CPU 3)
[cmd-12] stress-ng: debug: [51010] icmp-flood: [51010] started (instance 0 on CPU 0)
[cmd-12] stress-ng: debug: [51013] icmp-flood: [51013] started (instance 1 on CPU 10)
[cmd-12] stress-ng: debug: [51001] hdd: [51001] started (instance 14 on CPU 11)
[cmd-12] stress-ng: debug: [50997] hdd: [50997] started (instance 12 on CPU 13)
[cmd-12] stress-ng: debug: [51004] hdd: [51004] started (instance 15 on CPU 11)
[cmd-12] stress-ng: debug: [51015] icmp-flood: [51015] started (instance 2 on CPU 12)
[cmd-12] stress-ng: debug: [51284] icmp-flood: [51284] started (instance 3 on CPU 3)
[cmd-12] stress-ng: debug: [51288] switch: [51288] started (instance 0 on CPU 3)
[cmd-12] stress-ng: debug: [51293] switch: [51293] started (instance 1 on CPU 3)
[cmd-12] stress-ng: debug: [51296] switch: [51296] started (instance 2 on CPU 3)
[cmd-12] stress-ng: debug: [51298] switch: [51298] started (instance 3 on CPU 3)
[cmd-12] stress-ng: debug: [51334] hrtimers: [51334] started (instance 0 on CPU 6)
[cmd-12] stress-ng: debug: [51342] hrtimers: [51342] started (instance 1 on CPU 0)
[cmd-12] stress-ng: debug: [51345] hrtimers: [51345] started (instance 2 on CPU 5)
[cmd-12] stress-ng: debug: [51581] hrtimers: [51581] started (instance 4 on CPU 12)
[cmd-12] stress-ng: debug: [51595] hrtimers: [51595] started (instance 8 on CPU 11)
[cmd-12] stress-ng: debug: [51603] hrtimers: [51603] started (instance 11 on CPU 12)
[cmd-12] stress-ng: debug: [51588] hrtimers: [51588] started (instance 5 on CPU 14)
[cmd-12] stress-ng: debug: [51606] hrtimers: [51606] started (instance 12 on CPU 14)
[cmd-12] stress-ng: debug: [51576] hrtimers: [51576] started (instance 3 on CPU 12)
[cmd-12] stress-ng: debug: [51596] hrtimers: [51596] started (instance 9 on CPU 10)
[cmd-12] stress-ng: debug: [51590] hrtimers: [51590] started (instance 6 on CPU 19)
[cmd-12] stress-ng: debug: [51600] hrtimers: [51600] started (instance 10 on CPU 12)
[cmd-12] stress-ng: debug: [51592] hrtimers: [51592] started (instance 7 on CPU 10)
[cmd-12] stress-ng: debug: [51712] hrtimers: [51712] started (instance 13 on CPU 3)
[cmd-12] stress-ng: debug: [51717] hrtimers: [51717] started (instance 14 on CPU 7)
[cmd-12] stress-ng: debug: [51734] hrtimers: [51734] started (instance 15 on CPU 3)
[cmd-12] stress-ng: debug: [51747] sysfs: [51747] started (instance 0 on CPU 7)
[cmd-12] stress-ng: debug: [51777] sysfs: [51777] started (instance 1 on CPU 3)
[cmd-12] stress-ng: debug: [51826] sysfs: [51826] started (instance 3 on CPU 16)
[cmd-12] stress-ng: debug: [51798] sysfs: [51798] started (instance 2 on CPU 3)
[cmd-12] stress-ng: debug: [51886] sysfs: [51886] started (instance 4 on CPU 9)
[cmd-12] stress-ng: debug: [51973] sysfs: [51973] started (instance 5 on CPU 16)
[cmd-12] stress-ng: debug: [52019] sysfs: [52019] started (instance 6 on CPU 4)
[cmd-12] stress-ng: debug: [52061] sysfs: [52061] started (instance 7 on CPU 15)
[cmd-12] stress-ng: debug: [52099] sysfs: [52099] started (instance 8 on CPU 4)
[cmd-12] stress-ng: debug: [52128] sysfs: [52128] started (instance 9 on CPU 18)
[cmd-12] stress-ng: debug: [52174] sysfs: [52174] started (instance 10 on CPU 3)
[cmd-12] stress-ng: debug: [52238] sysfs: [52238] started (instance 11 on CPU 13)
[cmd-12] stress-ng: debug: [52287] sysfs: [52287] started (instance 12 on CPU 10)
[cmd-12] stress-ng: debug: [52319] sysfs: [52319] started (instance 13 on CPU 12)
[cmd-12] stress-ng: debug: [52349] sysfs: [52349] started (instance 14 on CPU 18)
[cmd-12] stress-ng: debug: [48909] 240 stressors started
[cmd-12] stress-ng: debug: [52380] sysfs: [52380] started (instance 15 on CPU 3)
[cmd-12] stress-ng: debug: [53008] sysfs: can't kill PID 54616 opening /sys/kernel/softlockup_count
[cmd-12] stress-ng: debug: [53008] sysfs: [54616] syscall: -1 0x0 0x0
[cmd-12] stress-ng: debug: [53008] sysfs: [54616] wchan: 0
[cmd-12] stress-ng: info:  [48911] klog-check: kernel cmdline: 'BOOT_IMAGE=/boot/vmlinuz-6.17.0-1031-nvidia root=UUID=b628ba59-3465-4b96-9b42-e4fd2fb4f0e5 ro init_on_alloc=0 iommu.passthrough=0 console=tty0 plymouth.ignore-serial-consoles plymouth.use-simpledrm earlycon=uart,mmio32,0x16A00000 console=tty0 console=ttyS0,921600 crashkernel=1G-:0M quiet splash initcall_blacklist=tegra234_cbb_init pci=pcie_bus_safe vt.handoff=7'
[cmd-12] stress-ng: info:  [48911] klog-check: warning: [1373.267032] 'warning: `lldpd' uses wireless extensions which will stop working for Wi-Fi 7 hardware; use nl80211'
[cmd-12] stress-ng: debug: [52512] sysfs: can't kill PID 59428 opening /sys/devices/system/memory/memory1013/power/runtime_enabled
[cmd-12] stress-ng: debug: [52512] sysfs: [59428] syscall: running
[cmd-12] stress-ng: debug: [52512] sysfs: [59428] wchan: 0
[cmd-12] stress-ng: debug: [52255] sysfs: can't kill PID 63367 opening /sys/devices/system/memory/memory1004/power/runtime_status
[cmd-12] stress-ng: debug: [52255] sysfs: [63367] syscall: running
[cmd-12] stress-ng: debug: [52255] sysfs: [63367] stack: [<0>] exit_mmap+0x1ac/0x458
[cmd-12] stress-ng: debug: [52255] sysfs: [63367] stack: [<0>] __mmput+0x3c/0x178
[cmd-12] stress-ng: debug: [52255] sysfs: [63367] stack: [<0>] mmput+0x94/0xc8
[cmd-12] stress-ng: debug: [52255] sysfs: [63367] stack: [<0>] exit_mm+0xf0/0x1a0
[cmd-12] stress-ng: debug: [52255] sysfs: [63367] stack: [<0>] do_exit+0x1a8/0x438
[cmd-12] stress-ng: debug: [52255] sysfs: [63367] stack: [<0>] do_group_exit+0x40/0xa8
[cmd-12] stress-ng: debug: [52255] sysfs: [63367] stack: [<0>] __arm64_sys_exit_group+0x24/0x30
[cmd-12] stress-ng: debug: [52255] sysfs: [63367] stack: [<0>] invoke_syscall+0x74/0x128
[cmd-12] stress-ng: debug: [52255] sysfs: [63367] stack: [<0>] el0_svc_common.constprop.0+0x4c/0x140
[cmd-12] stress-ng: debug: [52255] sysfs: [63367] stack: [<0>] do_el0_svc+0x28/0x58
[cmd-12] stress-ng: debug: [52255] sysfs: [63367] stack: [<0>] el0_svc+0x40/0x198
[cmd-12] stress-ng: debug: [52255] sysfs: [63367] stack: [<0>] el0t_64_sync_handler+0xc0/0x108
[cmd-12] stress-ng: debug: [52255] sysfs: [63367] stack: [<0>] el0t_64_sync+0x1b8/0x1c0
[cmd-12] stress-ng: debug: [52255] sysfs: [63367] wchan: 0
[cmd-12] stress-ng: debug: [52325] sysfs: can't kill PID 63364 opening /sys/bus/spi/drivers/wm831x/uevent
[cmd-12] stress-ng: debug: [52325] sysfs: [63364] syscall: -1 0x0 0x0
[cmd-12] stress-ng: debug: [52325] sysfs: [63364] wchan: 0
[cmd-12] stress-ng: debug: [52964] sysfs: can't kill PID 68137 opening /sys/kernel/irq/193/actions
[cmd-12] stress-ng: debug: [52964] sysfs: [68137] syscall: -1 0x0 0x0
[cmd-12] stress-ng: debug: [52964] sysfs: [68137] wchan: 0
[cmd-12] stress-ng: debug: [52175] sysfs: can't kill PID 69024 opening /sys/devices/system/memory/memory1011/online
[cmd-12] stress-ng: debug: [52175] sysfs: [69024] syscall: -1 0x0 0x0
[cmd-12] stress-ng: debug: [52175] sysfs: [69024] wchan: 0
[cmd-12] stress-ng: debug: [49020] vm-segv: [49020] exited (instance 31 on CPU 16)
[cmd-12] stress-ng: debug: [51296] switch: [51296] exited (instance 2 on CPU 13)
[cmd-12] stress-ng: debug: [49029] numa: [49029] exited (instance 1 on CPU 12)
[cmd-12] stress-ng: debug: [51334] hrtimers: hrtimer signals at 0.100 MHz
[cmd-12] stress-ng: debug: [51334] hrtimers: [51334] exited (instance 0 on CPU 6)
[cmd-12] stress-ng: debug: [51013] icmp-flood: 100.00% of 34864 sendto messages succeeded.
[cmd-12] stress-ng: debug: [51581] hrtimers: hrtimer signals at 0.101 MHz
[cmd-12] stress-ng: debug: [51015] icmp-flood: 100.00% of 38760 sendto messages succeeded.
[cmd-12] stress-ng: debug: [51284] icmp-flood: 100.00% of 37503 sendto messages succeeded.
[cmd-12] stress-ng: debug: [51595] hrtimers: hrtimer signals at 0.101 MHz
[cmd-12] stress-ng: debug: [51603] hrtimers: hrtimer signals at 0.100 MHz
[cmd-12] stress-ng: debug: [48944] vm-segv: [48944] exited (instance 14 on CPU 13)
[cmd-12] stress-ng: debug: [51010] icmp-flood: 100.00% of 38852 sendto messages succeeded.
[cmd-12] stress-ng: debug: [51592] hrtimers: hrtimer signals at 0.100 MHz
[cmd-12] stress-ng: debug: [51596] hrtimers: hrtimer signals at 0.100 MHz
[cmd-12] stress-ng: debug: [51606] hrtimers: hrtimer signals at 0.101 MHz
[cmd-12] stress-ng: debug: [51581] hrtimers: [51581] exited (instance 4 on CPU 15)
[cmd-12] stress-ng: debug: [51603] hrtimers: [51603] exited (instance 11 on CPU 16)
[cmd-12] stress-ng: debug: [48913] peterson: [48913] exited (instance 1 on CPU 16)
[cmd-12] stress-ng: debug: [49014] vm-segv: [49014] exited (instance 30 on CPU 16)
[cmd-12] stress-ng: debug: [48935] vm-segv: [48935] exited (instance 11 on CPU 16)
[cmd-12] stress-ng: debug: [48947] vm-segv: [48947] exited (instance 15 on CPU 16)
[cmd-12] stress-ng: debug: [51010] icmp-flood: [51010] exited (instance 0 on CPU 16)
[cmd-12] stress-ng: debug: [51595] hrtimers: [51595] exited (instance 8 on CPU 16)
[cmd-12] stress-ng: debug: [49266] tsearch: [49266] exited (instance 53 on CPU 16)
[cmd-12] stress-ng: debug: [48916] vm-segv: [48916] exited (instance 0 on CPU 16)
[cmd-12] stress-ng: debug: [49846] tsearch: [49846] exited (instance 108 on CPU 4)
[cmd-12] stress-ng: debug: [49276] tsearch: [49276] exited (instance 56 on CPU 10)
[cmd-12] stress-ng: debug: [51345] hrtimers: hrtimer signals at 0.101 MHz
[cmd-12] stress-ng: info:  [48911] klog-check: warning: [1873.699937] 'nvidia_uvm: Unknown symbol nvUvmInterfaceDisableAccessCntr (err -2)'
[cmd-12] stress-ng: info:  [48911] klog-check: warning: [1873.699960] 'nvidia_uvm: Unknown symbol nvUvmInterfaceChannelDestroy (err -2)'
[cmd-12] stress-ng: info:  [48911] klog-check: warning: [1873.699968] 'nvidia_uvm: Unknown symbol nvUvmInterfaceQueryCaps (err -2)'
[cmd-12] stress-ng: info:  [48911] klog-check: warning: [1873.699984] 'nvidia_uvm: Unknown symbol nvUvmInterfaceUnsetPageDirectory (err -2)'
[cmd-12] stress-ng: info:  [48911] klog-check: warning: [1873.699991] 'nvidia_uvm: Unknown symbol nvUvmInterfaceInitAccessCntrInfo (err -2)'
[cmd-12] stress-ng: info:  [48911] klog-check: warning: [1873.699996] 'nvidia_uvm: Unknown symbol nvUvmInterfaceTsgDestroy (err -2)'
[cmd-12] stress-ng: info:  [48911] klog-check: warning: [1873.700001] 'nvidia_uvm: Unknown symbol nvUvmInterfaceReleaseChannel (err -2)'
[cmd-12] stress-ng: info:  [48911] klog-check: warning: [1873.700006] 'nvidia_uvm: Unknown symbol nvUvmInterfaceMemoryAllocSys (err -2)'
[cmd-12] stress-ng: info:  [48911] klog-check: warning: [1873.700015] 'nvidia_uvm: Unknown symbol nvUvmInterfaceMemoryCpuMap (err -2)'
[cmd-12] stress-ng: info:  [48911] klog-check: warning: [1873.700026] 'nvidia_uvm: Unknown symbol nvUvmInterfacePagingChannelAllocate (err -2)'
[cmd-12] stress-ng: info:  [48911] klog-check: warning: [1873.700029] 'nvidia_uvm: Unknown symbol nvUvmInterfaceCslEncrypt (err -2)'
[cmd-12] stress-ng: info:  [48911] klog-check: warning: [1873.700040] 'nvidia_uvm: Unknown symbol nvUvmInterfacePmaFreePages (err -2)'
[cmd-12] stress-ng: info:  [48911] klog-check: warning: [1873.700043] 'nvidia_uvm: Unknown symbol nvUvmInterfacePagingChannelsMap (err -2)'
[cmd-12] stress-ng: info:  [48911] klog-check: warning: [1873.700050] 'nvidia_uvm: Unknown symbol nvUvmInterfaceGetExternalAllocPhysAddrs (err -2)'
[cmd-12] stress-ng: info:  [48911] klog-check: warning: [1873.700057] 'nvidia_uvm: Unknown symbol nvUvmInterfaceSetPageDirectory (err -2)'
[cmd-12] stress-ng: info:  [48911] klog-check: warning: [1873.700066] 'nvidia_uvm: Unknown symbol nvUvmInterfaceMemoryCpuUnMap (err -2)'
[cmd-12] stress-ng: info:  [48911] klog-check: warning: [1873.700073] 'nvidia_uvm: Unknown symbol nvUvmInterfaceOwnPageFaultIntr (err -2)'
[cmd-12] stress-ng: info:  [48911] klog-check: warning: [1873.700080] 'nvidia_uvm: Unknown symbol nvUvmInterfacePagingChannelPushStream (err -2)'
[cmd-12] stress-ng: info:  [48911] klog-check: warning: [1873.700099] 'nvidia_uvm: Unknown symbol nvUvmInterfaceDupAddressSpace (err -2)'
[cmd-12] stress-ng: info:  [48911] klog-check: warning: [1873.700107] 'nvidia_uvm: Unknown symbol nvUvmInterfaceGetExternalAllocPtes (err -2)'
[cmd-12] stress-ng: info:  [48911] klog-check: warning: [1873.700112] 'nvidia_uvm: Unknown symbol nvUvmInterfaceCslRotateKey (err -2)'
[cmd-12] stress-ng: info:  [48911] klog-check: warning: [1873.700115] 'nvidia_uvm: Unknown symbol nvUvmInterfaceRegisterGpu (err -2)'
[cmd-12] stress-ng: info:  [48911] klog-check: warning: [1873.700130] 'nvidia_uvm: Unknown symbol nvUvmInterfaceP2pObjectDestroy (err -2)'
[cmd-12] stress-ng: info:  [48911] klog-check: warning: [1873.700140] 'nvidia_uvm: Unknown symbol nvUvmInterfaceGetNonReplayableFaults (err -2)'
[cmd-12] stress-ng: info:  [48911] klog-check: warning: [1873.700143] 'nvidia_uvm: Unknown symbol nvUvmInterfaceGetFbInfo (err -2)'
[cmd-12] stress-ng: info:  [48911] klog-check: warning: [1873.700160] 'nvidia_uvm: Unknown symbol nvUvmInterfaceRetainChannel (err -2)'
[cmd-12] stress-ng: info:  [48911] klog-check: warning: [1873.700170] 'nvidia_uvm: Unknown symbol nvUvmInterfaceCslDecrypt (err -2)'
[cmd-12] stress-ng: info:  [48911] klog-check: warning: [1873.700178] 'nvidia_uvm: Unknown symbol nvUvmInterfaceCslLogEncryption (err -2)'
[cmd-12] stress-ng: info:  [48911] klog-check: warning: [1873.700185] 'nvidia_uvm: Unknown symbol nvUvmInterfaceHasPendingNonReplayableFaults (err -2)'
[cmd-12] stress-ng: info:  [48911] klog-check: warning: [1873.700188] 'nvidia_uvm: Unknown symbol nvUvmInterfaceDestroyAccessCntrInfo (err -2)'
[cmd-12] stress-ng: info:  [48911] klog-check: warning: [1873.700195] 'nvidia_uvm: Unknown symbol nvUvmInterfacePagingChannelsUnmap (err -2)'
[cmd-12] stress-ng: info:  [48911] klog-check: warning: [1873.700225] 'nvidia_uvm: Unknown symbol nvUvmInterfaceStopChannel (err -2)'
[cmd-12] stress-ng: info:  [48911] klog-check: warning: [1873.700232] 'nvidia_uvm: Unknown symbol nvUvmInterfaceCslQueryMessagePool (err -2)'
[cmd-12] stress-ng: info:  [48911] klog-check: warning: [1873.700240] 'nvidia_uvm: Unknown symbol nvUvmInterfaceTogglePrefetchFaults (err -2)'
[cmd-12] stress-ng: info:  [48911] klog-check: warning: [1873.700244] 'nvidia_uvm: Unknown symbol nvUvmInterfaceDestroyFaultInfo (err -2)'
[cmd-12] stress-ng: info:  [48911] klog-check: warning: [1873.700247] 'nvidia_uvm: Unknown symbol nvUvmInterfaceGetNvlinkInfo (err -2)'
[cmd-12] stress-ng: info:  [48911] klog-check: warning: [1873.700255] 'nvidia_uvm: Unknown symbol nvUvmInterfaceMemoryAllocFB (err -2)'
[cmd-12] stress-ng: info:  [48911] klog-check: warning: [1873.700258] 'nvidia_uvm: Unknown symbol nvUvmInterfaceCslInitContext (err -2)'
[cmd-12] stress-ng: info:  [48911] klog-check: warning: [1873.700263] 'nvidia_uvm: Unknown symbol nvUvmInterfaceDeinitCslContext (err -2)'
[cmd-12] stress-ng: info:  [48911] klog-check: warning: [1873.700291] 'nvidia_uvm: Unknown symbol nvUvmInterfaceQueryCopyEnginesCaps (err -2)'
[cmd-12] stress-ng: info:  [48911] klog-check: warning: [1873.700298] 'nvidia_uvm: Unknown symbol nvUvmInterfaceCslIncrementIv (err -2)'
[cmd-12] stress-ng: info:  [48911] klog-check: warning: [1873.700303] 'nvidia_uvm: Unknown symbol nvUvmInterfaceReportNonReplayableFault (err -2)'
[cmd-12] stress-ng: info:  [48911] klog-check: warning: [1873.700308] 'nvidia_uvm: Unknown symbol nvUvmInterfaceGetGpuInfo (err -2)'
[cmd-12] stress-ng: info:  [48911] klog-check: warning: [1873.700314] 'nvidia_uvm: Unknown symbol nvUvmInterfaceBindChannelResources (err -2)'
[cmd-12] stress-ng: info:  [48911] klog-check: warning: [1873.700325] 'nvidia_uvm: Unknown symbol nvUvmInterfaceInitFaultInfo (err -2)'
[cmd-12] stress-ng: info:  [48911] klog-check: warning: [1873.700330] 'nvidia_uvm: Unknown symbol nvUvmInterfaceCslRotateIv (err -2)'
[cmd-12] stress-ng: info:  [48911] klog-check: warning: [1873.700339] 'nvidia_uvm: Unknown symbol nvUvmInterfacePagingChannelDestroy (err -2)'
[cmd-12] stress-ng: info:  [48911] klog-check: warning: [1873.700354] 'nvidia_uvm: Unknown symbol nvUvmInterfaceDeviceCreate (err -2)'
[cmd-12] stress-ng: info:  [48911] klog-check: warning: [1873.700368] 'nvidia_uvm: Unknown symbol nvUvmInterfaceServiceDeviceInterruptsRM (err -2)'
[cmd-12] stress-ng: info:  [48911] klog-check: warning: [1873.700376] 'nvidia_uvm: Unknown symbol nvUvmInterfaceDeRegisterUvmOps (err -2)'
[cmd-12] stress-ng: info:  [48911] klog-check: warning: [1873.700382] 'nvidia_uvm: Unknown symbol nvUvmInterfaceFreeDupedHandle (err -2)'
[cmd-12] stress-ng: info:  [48911] klog-check: warning: [1873.700399] 'nvidia_uvm: Unknown symbol nvUvmInterfaceMemoryFree (err -2)'
[cmd-12] stress-ng: info:  [48911] klog-check: warning: [1873.700404] 'nvidia_uvm: Unknown symbol nvUvmInterfaceTsgAllocate (err -2)'
[cmd-12] stress-ng: info:  [48911] klog-check: warning: [1873.700440] 'nvidia_uvm: Unknown symbol nvUvmInterfacePmaRegisterEvictionCallbacks (err -2)'
[cmd-12] stress-ng: info:  [48911] klog-check: warning: [1873.700461] 'nvidia_uvm: Unknown symbol nvUvmInterfaceGetEccInfo (err -2)'
[cmd-12] stress-ng: info:  [48911] klog-check: warning: [1873.700477] 'nvidia_uvm: Unknown symbol nvUvmInterfaceP2pObjectCreate (err -2)'
[cmd-12] stress-ng: info:  [48911] klog-check: warning: [1873.700484] 'nvidia_uvm: Unknown symbol nvUvmInterfaceGetChannelResourcePtes (err -2)'
[cmd-12] stress-ng: info:  [48911] klog-check: warning: [1873.700491] 'nvidia_uvm: Unknown symbol nvUvmInterfaceCslSign (err -2)'
[cmd-12] stress-ng: info:  [48911] klog-check: warning: [1873.700497] 'nvidia_uvm: Unknown symbol nvUvmInterfaceGetPmaObject (err -2)'
[cmd-12] stress-ng: info:  [48911] klog-check: warning: [1873.700536] 'nvidia_uvm: Unknown symbol nvUvmInterfaceSessionDestroy (err -2)'
[cmd-12] stress-ng: info:  [48911] klog-check: warning: [1873.700539] 'nvidia_uvm: Unknown symbol nvUvmInterfaceDupMemory (err -2)'
[cmd-12] stress-ng: info:  [48911] klog-check: warning: [1873.700541] 'nvidia_uvm: Unknown symbol nvUvmInterfaceDeviceDestroy (err -2)'
[cmd-12] stress-ng: info:  [48911] klog-check: warning: [1873.700545] 'nvidia_uvm: Unknown symbol nvUvmInterfaceFlushReplayableFaultBuffer (err -2)'
[cmd-12] stress-ng: info:  [48911] klog-check: warning: [1873.700550] 'nvidia_uvm: Unknown symbol nvUvmInterfaceAddressSpaceCreate (err -2)'
[cmd-12] stress-ng: info:  [48911] klog-check: warning: [1873.700553] 'nvidia_uvm: Unknown symbol nvUvmInterfaceUnregisterGpu (err -2)'
[cmd-12] stress-ng: info:  [48911] klog-check: warning: [1873.700567] 'nvidia_uvm: Unknown symbol nvUvmInterfaceAddressSpaceDestroy (err -2)'
[cmd-12] stress-ng: info:  [48911] klog-check: warning: [1873.700570] 'nvidia_uvm: Unknown symbol nvUvmInterfaceReportFatalError (err -2)'
[cmd-12] stress-ng: info:  [48911] klog-check: warning: [1873.700588] 'nvidia_uvm: Unknown symbol nvUvmInterfaceRegisterUvmCallbacks (err -2)'
[cmd-12] stress-ng: info:  [48911] klog-check: warning: [1873.700591] 'nvidia_uvm: Unknown symbol nvUvmInterfacePmaPinPages (err -2)'
[cmd-12] stress-ng: info:  [48911] klog-check: warning: [1873.700598] 'nvidia_uvm: Unknown symbol nvUvmInterfaceChannelAllocate (err -2)'
[cmd-12] stress-ng: info:  [48911] klog-check: warning: [1873.700601] 'nvidia_uvm: Unknown symbol nvUvmInterfaceGetP2PCaps (err -2)'
[cmd-12] stress-ng: info:  [48911] klog-check: warning: [1873.700603] 'nvidia_uvm: Unknown symbol nvUvmInterfaceEnableAccessCntr (err -2)'
[cmd-12] stress-ng: info:  [48911] klog-check: warning: [1873.700643] 'nvidia_uvm: Unknown symbol nvUvmInterfacePmaUnregisterEvictionCallbacks (err -2)'
[cmd-12] stress-ng: info:  [48911] klog-check: warning: [1873.700656] 'nvidia_uvm: Unknown symbol nvUvmInterfaceDupAllocation (err -2)'
[cmd-12] stress-ng: info:  [48911] klog-check: warning: [1873.700666] 'nvidia_uvm: Unknown symbol nvUvmInterfacePmaAllocPages (err -2)'
[cmd-12] stress-ng: info:  [48911] klog-check: warning: [1873.700697] 'nvidia_uvm: Unknown symbol nvUvmInterfaceSessionCreate (err -2)'
[cmd-12] stress-ng: debug: [51590] hrtimers: hrtimer signals at 0.100 MHz
[cmd-12] stress-ng: debug: [51342] hrtimers: hrtimer signals at 0.100 MHz
[cmd-12] stress-ng: debug: [49139] tsearch: [49139] exited (instance 21 on CPU 16)
[cmd-12] stress-ng: debug: [49025] numa: [49025] exited (instance 0 on CPU 10)
[cmd-12] stress-ng: debug: [51712] hrtimers: hrtimer signals at 0.100 MHz
[cmd-12] stress-ng: info:  [48911] klog-check: warning: [1873.729727] 'nvidia_modeset: Unknown symbol nvidia_get_rm_ops (err -2)'
[cmd-12] stress-ng: debug: [51015] icmp-flood: [51015] exited (instance 2 on CPU 15)
[cmd-12] stress-ng: debug: [48941] vm-segv: [48941] exited (instance 13 on CPU 19)
[cmd-12] stress-ng: debug: [48974] vm-segv: [48974] exited (instance 21 on CPU 17)
[cmd-12] stress-ng: debug: [48956] vm-segv: [48956] exited (instance 17 on CPU 13)
[cmd-12] stress-ng: debug: [48937] vm-segv: [48937] exited (instance 12 on CPU 19)
[cmd-12] stress-ng: debug: [51592] hrtimers: [51592] exited (instance 7 on CPU 15)
[cmd-12] stress-ng: debug: [51298] switch: [51298] exited (instance 3 on CPU 13)
[cmd-12] stress-ng: debug: [51596] hrtimers: [51596] exited (instance 9 on CPU 17)
[cmd-12] stress-ng: debug: [48978] vm-segv: [48978] exited (instance 22 on CPU 17)
[cmd-12] stress-ng: debug: [51288] switch: [51288] exited (instance 0 on CPU 16)
[cmd-12] stress-ng: debug: [48960] vm-segv: [48960] exited (instance 18 on CPU 19)
[cmd-12] stress-ng: debug: [48972] vm-segv: [48972] exited (instance 20 on CPU 15)
[cmd-12] stress-ng: debug: [51606] hrtimers: [51606] exited (instance 12 on CPU 13)
[cmd-12] stress-ng: debug: [51747] sysfs: skipped 0 out of 656 sysfs files accessed
[cmd-12] stress-ng: debug: [48933] vm-segv: [48933] exited (instance 10 on CPU 13)
[cmd-12] stress-ng: debug: [48922] vm-segv: [48922] exited (instance 5 on CPU 15)
[cmd-12] stress-ng: debug: [51284] icmp-flood: [51284] exited (instance 3 on CPU 18)
[cmd-12] stress-ng: debug: [48912] peterson: [48912] exited (instance 0 on CPU 19)
[cmd-12] stress-ng: debug: [50436] ramfs: [50436] exited (instance 15 on CPU 15)
[cmd-12] stress-ng: debug: [48909] peterson: [48912] terminated (success)
[cmd-12] stress-ng: debug: [48930] vm-segv: [48930] exited (instance 8 on CPU 18)
[cmd-12] stress-ng: debug: [48909] peterson: [48913] terminated (success)
[cmd-12] stress-ng: debug: [49037] numa: [49037] exited (instance 2 on CPU 19)
[cmd-12] stress-ng: debug: [51588] hrtimers: hrtimer signals at 0.100 MHz
[cmd-12] stress-ng: debug: [48996] vm-segv: [48996] exited (instance 26 on CPU 5)
[cmd-12] stress-ng: debug: [48966] vm-segv: [48966] exited (instance 19 on CPU 19)
[cmd-12] stress-ng: debug: [49629] tsearch: [49629] exited (instance 98 on CPU 19)
[cmd-12] stress-ng: debug: [51717] hrtimers: hrtimer signals at 0.100 MHz
[cmd-12] stress-ng: debug: [51600] hrtimers: hrtimer signals at 0.100 MHz
[cmd-12] stress-ng: debug: [50407] ramfs: [50407] exited (instance 6 on CPU 15)
[cmd-12] stress-ng: debug: [49625] tsearch: [49625] exited (instance 97 on CPU 19)
[cmd-12] stress-ng: debug: [49413] tsearch: [49413] exited (instance 80 on CPU 19)
[cmd-12] stress-ng: debug: [49603] tsearch: [49603] exited (instance 91 on CPU 19)
[cmd-12] stress-ng: debug: [50154] tsearch: [50154] exited (instance 121 on CPU 18)
[cmd-12] stress-ng: debug: [48919] vm-segv: [48919] exited (instance 3 on CPU 16)
[cmd-12] stress-ng: debug: [50740] hdd: [50740] exited (instance 4 on CPU 16)
[cmd-12] stress-ng: debug: [49214] tsearch: [49214] exited (instance 39 on CPU 16)
[cmd-12] stress-ng: debug: [49849] tsearch: [49849] exited (instance 110 on CPU 16)
[cmd-12] stress-ng: debug: [51576] hrtimers: hrtimer signals at 0.101 MHz
[cmd-12] stress-ng: debug: [51013] icmp-flood: [51013] exited (instance 1 on CPU 16)
[cmd-12] stress-ng: debug: [49001] vm-segv: [49001] exited (instance 27 on CPU 5)
[cmd-12] stress-ng: debug: [51345] hrtimers: [51345] exited (instance 2 on CPU 5)
[cmd-12] stress-ng: debug: [49222] tsearch: [49222] exited (instance 42 on CPU 16)
[cmd-12] stress-ng: debug: [51826] sysfs: skipped 0 out of 469 sysfs files accessed
[cmd-12] stress-ng: debug: [49170] tsearch: [49170] exited (instance 27 on CPU 17)
[cmd-12] stress-ng: debug: [49319] tsearch: [49319] exited (instance 71 on CPU 16)
[cmd-12] stress-ng: debug: [49409] tsearch: [49409] exited (instance 78 on CPU 16)
[cmd-12] stress-ng: debug: [49246] tsearch: [49246] exited (instance 50 on CPU 5)
[cmd-12] stress-ng: debug: [50146] tsearch: [50146] exited (instance 117 on CPU 17)
[cmd-12] stress-ng: debug: [51777] sysfs: skipped 0 out of 462 sysfs files accessed
[cmd-12] stress-ng: debug: [48990] vm-segv: [48990] exited (instance 25 on CPU 12)
[cmd-12] stress-ng: debug: [49493] tsearch: [49493] exited (instance 87 on CPU 13)
[cmd-12] stress-ng: debug: [49322] tsearch: [49322] exited (instance 72 on CPU 6)
[cmd-12] stress-ng: debug: [49310] tsearch: [49310] exited (instance 65 on CPU 15)
[cmd-12] stress-ng: debug: [48915] peterson: [48915] exited (instance 3 on CPU 6)
[cmd-12] stress-ng: debug: [49174] tsearch: [49174] exited (instance 28 on CPU 6)
[cmd-12] stress-ng: debug: [49149] tsearch: [49149] exited (instance 23 on CPU 16)
[cmd-12] stress-ng: debug: [49190] tsearch: [49190] exited (instance 33 on CPU 18)
[cmd-12] stress-ng: debug: [50149] tsearch: [50149] exited (instance 118 on CPU 8)
[cmd-12] stress-ng: debug: [50163] tsearch: [50163] exited (instance 124 on CPU 19)
[cmd-12] stress-ng: debug: [49144] tsearch: [49144] exited (instance 22 on CPU 1)
[cmd-12] stress-ng: debug: [51004] hdd: [51004] exited (instance 15 on CPU 1)
[cmd-12] stress-ng: debug: [49311] tsearch: [49311] exited (instance 66 on CPU 16)
[cmd-12] stress-ng: debug: [49227] tsearch: [49227] exited (instance 44 on CPU 16)
[cmd-12] stress-ng: debug: [48953] vm-segv: [48953] exited (instance 16 on CPU 8)
[cmd-12] stress-ng: debug: [50697] hdd: [50697] exited (instance 1 on CPU 8)
[cmd-12] stress-ng: debug: [49831] tsearch: [49831] exited (instance 102 on CPU 8)
[cmd-12] stress-ng: debug: [51734] hrtimers: hrtimer signals at 0.102 MHz
[cmd-12] stress-ng: debug: [48920] vm-segv: [48920] exited (instance 4 on CPU 8)
[cmd-12] stress-ng: debug: [49008] vm-segv: [49008] exited (instance 28 on CPU 11)
[cmd-12] stress-ng: debug: [49097] tsearch: [49097] exited (instance 12 on CPU 18)
[cmd-12] stress-ng: debug: [50156] tsearch: [50156] exited (instance 122 on CPU 14)
[cmd-12] stress-ng: debug: [50741] hdd: [50741] exited (instance 5 on CPU 15)
[cmd-12] stress-ng: debug: [51590] hrtimers: [51590] exited (instance 6 on CPU 14)
[cmd-12] stress-ng: debug: [50997] hdd: [50997] exited (instance 12 on CPU 15)
[cmd-12] stress-ng: debug: [51342] hrtimers: [51342] exited (instance 1 on CPU 17)
[cmd-12] stress-ng: debug: [49111] tsearch: [49111] exited (instance 15 on CPU 5)
[cmd-12] stress-ng: debug: [49039] numa: [49039] exited (instance 3 on CPU 6)
[cmd-12] stress-ng: debug: [49615] tsearch: [49615] exited (instance 94 on CPU 13)
[cmd-12] stress-ng: debug: [49829] tsearch: [49829] exited (instance 101 on CPU 6)
[cmd-12] stress-ng: debug: [50703] hdd: [50703] exited (instance 3 on CPU 15)
[cmd-12] stress-ng: debug: [49217] tsearch: [49217] exited (instance 40 on CPU 19)
[cmd-12] stress-ng: debug: [50804] hdd: [50804] exited (instance 8 on CPU 16)
[cmd-12] stress-ng: debug: [49305] tsearch: [49305] exited (instance 63 on CPU 14)
[cmd-12] stress-ng: debug: [50986] hdd: [50986] exited (instance 9 on CPU 7)
[cmd-12] stress-ng: debug: [50796] hdd: [50796] exited (instance 6 on CPU 6)
[cmd-12] stress-ng: debug: [49278] tsearch: [49278] exited (instance 57 on CPU 5)
[cmd-12] stress-ng: debug: [49209] tsearch: [49209] exited (instance 38 on CPU 15)
[cmd-12] stress-ng: debug: [50699] hdd: [50699] exited (instance 2 on CPU 19)
[cmd-12] stress-ng: debug: [49103] tsearch: [49103] exited (instance 13 on CPU 6)
[cmd-12] stress-ng: debug: [49060] tsearch: [49060] exited (instance 4 on CPU 5)
[cmd-12] stress-ng: debug: [48917] vm-segv: [48917] exited (instance 1 on CPU 4)
[cmd-12] stress-ng: debug: [49012] vm-segv: [49012] exited (instance 29 on CPU 0)
[cmd-12] stress-ng: debug: [50691] hdd: [50691] exited (instance 0 on CPU 6)
[cmd-12] stress-ng: debug: [51001] hdd: [51001] exited (instance 14 on CPU 5)
[cmd-12] stress-ng: debug: [50159] tsearch: [50159] exited (instance 123 on CPU 13)
[cmd-12] stress-ng: debug: [49834] tsearch: [49834] exited (instance 103 on CPU 15)
[cmd-12] stress-ng: debug: [50990] hdd: [50990] exited (instance 10 on CPU 13)
[cmd-12] stress-ng: debug: [49054] tsearch: [49054] exited (instance 2 on CPU 4)
[cmd-12] stress-ng: debug: [51712] hrtimers: [51712] exited (instance 13 on CPU 19)
[cmd-12] stress-ng: debug: [50993] hdd: [50993] exited (instance 11 on CPU 5)
[cmd-12] stress-ng: debug: [49044] tsearch: [49044] exited (instance 0 on CPU 0)
[cmd-12] stress-ng: debug: [50137] tsearch: [50137] exited (instance 114 on CPU 4)
[cmd-12] stress-ng: debug: [49308] tsearch: [49308] exited (instance 64 on CPU 5)
[cmd-12] stress-ng: debug: [48986] vm-segv: [48986] exited (instance 24 on CPU 17)
[cmd-12] stress-ng: debug: [48931] vm-segv: [48931] exited (instance 9 on CPU 8)
[cmd-12] stress-ng: debug: [49489] tsearch: [49489] exited (instance 86 on CPU 9)
[cmd-12] stress-ng: debug: [49411] tsearch: [49411] exited (instance 79 on CPU 7)
[cmd-12] stress-ng: debug: [49283] tsearch: [49283] exited (instance 58 on CPU 6)
[cmd-12] stress-ng: debug: [50998] hdd: [50998] exited (instance 13 on CPU 15)
[cmd-12] stress-ng: debug: [48914] peterson: [48914] exited (instance 2 on CPU 10)
[cmd-12] stress-ng: debug: [49239] tsearch: [49239] exited (instance 47 on CPU 5)
[cmd-12] stress-ng: debug: [48909] peterson: [48914] terminated (success)
[cmd-12] stress-ng: debug: [48909] peterson: [48915] terminated (success)
[cmd-12] stress-ng: debug: [48909] vm-segv: [48916] terminated (success)
[cmd-12] stress-ng: debug: [48909] vm-segv: [48917] terminated (success)
[cmd-12] stress-ng: debug: [48984] vm-segv: [48984] exited (instance 23 on CPU 15)
[cmd-12] stress-ng: debug: [48918] vm-segv: [48918] exited (instance 2 on CPU 16)
[cmd-12] stress-ng: debug: [48909] vm-segv: [48918] terminated (success)
[cmd-12] stress-ng: debug: [48909] vm-segv: [48919] terminated (success)
[cmd-12] stress-ng: debug: [48909] vm-segv: [48920] terminated (success)
[cmd-12] stress-ng: debug: [48909] vm-segv: [48922] terminated (success)
[cmd-12] stress-ng: debug: [48927] vm-segv: [48927] exited (instance 7 on CPU 10)
[cmd-12] stress-ng: debug: [49295] tsearch: [49295] exited (instance 60 on CPU 0)
[cmd-12] stress-ng: debug: [49609] tsearch: [49609] exited (instance 92 on CPU 10)
[cmd-12] stress-ng: debug: [49137] tsearch: [49137] exited (instance 20 on CPU 9)
[cmd-12] stress-ng: debug: [49501] tsearch: [49501] exited (instance 90 on CPU 8)
[cmd-12] stress-ng: debug: [51747] sysfs: [51747] exited (instance 0 on CPU 17)
[cmd-12] stress-ng: debug: [50166] tsearch: [50166] exited (instance 126 on CPU 12)
[cmd-12] stress-ng: debug: [49291] tsearch: [49291] exited (instance 59 on CPU 7)
[cmd-12] stress-ng: debug: [50430] ramfs: [50430] exited (instance 13 on CPU 6)
[cmd-12] stress-ng: debug: [50428] ramfs: [50428] exited (instance 12 on CPU 15)
[cmd-12] stress-ng: debug: [50173] ramfs: [50173] exited (instance 1 on CPU 18)
[cmd-12] stress-ng: debug: [50170] ramfs: [50170] exited (instance 0 on CPU 12)
[cmd-12] stress-ng: debug: [50404] ramfs: [50404] exited (instance 5 on CPU 16)
[cmd-12] stress-ng: debug: [50418] ramfs: [50418] exited (instance 10 on CPU 17)
[cmd-12] stress-ng: debug: [50401] ramfs: [50401] exited (instance 3 on CPU 15)
[cmd-12] stress-ng: debug: [50413] ramfs: [50413] exited (instance 8 on CPU 1)
[cmd-12] stress-ng: debug: [50432] ramfs: [50432] exited (instance 14 on CPU 0)
[cmd-12] stress-ng: debug: [49324] tsearch: [49324] exited (instance 73 on CPU 5)
[cmd-12] stress-ng: debug: [51588] hrtimers: [51588] exited (instance 5 on CPU 11)
[cmd-12] stress-ng: debug: [50410] ramfs: [50410] exited (instance 7 on CPU 8)
[cmd-12] stress-ng: debug: [50142] tsearch: [50142] exited (instance 115 on CPU 10)
[cmd-12] stress-ng: debug: [49122] tsearch: [49122] exited (instance 17 on CPU 12)
[cmd-12] stress-ng: debug: [50801] hdd: [50801] exited (instance 7 on CPU 16)
[cmd-12] stress-ng: debug: [49180] tsearch: [49180] exited (instance 30 on CPU 11)
[cmd-12] stress-ng: debug: [49620] tsearch: [49620] exited (instance 95 on CPU 13)
[cmd-12] stress-ng: debug: [49498] tsearch: [49498] exited (instance 89 on CPU 17)
[cmd-12] stress-ng: debug: [49092] tsearch: [49092] exited (instance 11 on CPU 4)
[cmd-12] stress-ng: debug: [50424] ramfs: [50424] exited (instance 11 on CPU 8)
[cmd-12] stress-ng: debug: [51886] sysfs: skipped 0 out of 495 sysfs files accessed
[cmd-12] stress-ng: debug: [50150] tsearch: [50150] exited (instance 119 on CPU 10)
[cmd-12] stress-ng: debug: [49086] tsearch: [49086] exited (instance 9 on CPU 11)
[cmd-12] stress-ng: debug: [50145] tsearch: [50145] exited (instance 116 on CPU 12)
[cmd-12] stress-ng: debug: [49134] tsearch: [49134] exited (instance 19 on CPU 2)
[cmd-12] stress-ng: debug: [49218] tsearch: [49218] exited (instance 41 on CPU 8)
[cmd-12] stress-ng: debug: [49420] tsearch: [49420] exited (instance 83 on CPU 0)
[cmd-12] stress-ng: debug: [49080] tsearch: [49080] exited (instance 8 on CPU 9)
[cmd-12] stress-ng: debug: [51717] hrtimers: [51717] exited (instance 14 on CPU 7)
[cmd-12] stress-ng: debug: [50397] ramfs: [50397] exited (instance 2 on CPU 1)
[cmd-12] stress-ng: debug: [49231] tsearch: [49231] exited (instance 45 on CPU 10)
[cmd-12] stress-ng: debug: [49316] tsearch: [49316] exited (instance 69 on CPU 2)
[cmd-12] stress-ng: debug: [49207] tsearch: [49207] exited (instance 37 on CPU 15)
[cmd-12] stress-ng: debug: [49202] tsearch: [49202] exited (instance 36 on CPU 12)
[cmd-12] stress-ng: debug: [49839] tsearch: [49839] exited (instance 105 on CPU 11)
[cmd-12] stress-ng: debug: [49481] tsearch: [49481] exited (instance 84 on CPU 12)
[cmd-12] stress-ng: debug: [49851] tsearch: [49851] exited (instance 111 on CPU 4)
[cmd-12] stress-ng: debug: [51600] hrtimers: [51600] exited (instance 10 on CPU 8)
[cmd-12] stress-ng: debug: [49116] tsearch: [49116] exited (instance 16 on CPU 10)
[cmd-12] stress-ng: debug: [48925] vm-segv: [48925] exited (instance 6 on CPU 10)
[cmd-12] stress-ng: debug: [49262] tsearch: [49262] exited (instance 52 on CPU 11)
[cmd-12] stress-ng: debug: [48909] vm-segv: [48925] terminated (success)
[cmd-12] stress-ng: debug: [48909] vm-segv: [48927] terminated (success)
[cmd-12] stress-ng: debug: [48909] vm-segv: [48930] terminated (success)
[cmd-12] stress-ng: debug: [48909] vm-segv: [48931] terminated (success)
[cmd-12] stress-ng: debug: [48909] vm-segv: [48933] terminated (success)
[cmd-12] stress-ng: debug: [48909] vm-segv: [48935] terminated (success)
[cmd-12] stress-ng: debug: [48909] vm-segv: [48937] terminated (success)
[cmd-12] stress-ng: debug: [48909] vm-segv: [48941] terminated (success)
[cmd-12] stress-ng: debug: [48909] vm-segv: [48944] terminated (success)
[cmd-12] stress-ng: debug: [48909] vm-segv: [48947] terminated (success)
[cmd-12] stress-ng: debug: [48909] vm-segv: [48953] terminated (success)
[cmd-12] stress-ng: debug: [48909] vm-segv: [48956] terminated (success)
[cmd-12] stress-ng: debug: [48909] vm-segv: [48960] terminated (success)
[cmd-12] stress-ng: debug: [48909] vm-segv: [48966] terminated (success)
[cmd-12] stress-ng: debug: [49613] tsearch: [49613] exited (instance 93 on CPU 9)
[cmd-12] stress-ng: debug: [48909] vm-segv: [48972] terminated (success)
[cmd-12] stress-ng: debug: [48909] vm-segv: [48974] terminated (success)
[cmd-12] stress-ng: debug: [48909] vm-segv: [48978] terminated (success)
[cmd-12] stress-ng: debug: [48909] vm-segv: [48984] terminated (success)
[cmd-12] stress-ng: debug: [48909] vm-segv: [48986] terminated (success)
[cmd-12] stress-ng: debug: [48909] vm-segv: [48990] terminated (success)
[cmd-12] stress-ng: debug: [48909] vm-segv: [48996] terminated (success)
[cmd-12] stress-ng: debug: [48909] vm-segv: [49001] terminated (success)
[cmd-12] stress-ng: debug: [48909] vm-segv: [49008] terminated (success)
[cmd-12] stress-ng: debug: [48909] vm-segv: [49012] terminated (success)
[cmd-12] stress-ng: debug: [48909] vm-segv: [49014] terminated (success)
[cmd-12] stress-ng: debug: [48909] vm-segv: [49020] terminated (success)
[cmd-12] stress-ng: debug: [48909] numa: [49025] terminated (success)
[cmd-12] stress-ng: debug: [48909] numa: [49029] terminated (success)
[cmd-12] stress-ng: debug: [48909] numa: [49037] terminated (success)
[cmd-12] stress-ng: debug: [48909] numa: [49039] terminated (success)
[cmd-12] stress-ng: debug: [48909] tsearch: [49044] terminated (success)
[cmd-12] stress-ng: debug: [49487] tsearch: [49487] exited (instance 85 on CPU 6)
[cmd-12] stress-ng: debug: [49058] tsearch: [49058] exited (instance 3 on CPU 3)
[cmd-12] stress-ng: debug: [49224] tsearch: [49224] exited (instance 43 on CPU 4)
[cmd-12] stress-ng: debug: [49332] tsearch: [49332] exited (instance 75 on CPU 7)
[cmd-12] stress-ng: debug: [50164] tsearch: [50164] exited (instance 125 on CPU 13)
[cmd-12] stress-ng: debug: [49073] tsearch: [49073] exited (instance 6 on CPU 1)
[cmd-12] stress-ng: debug: [51576] hrtimers: [51576] exited (instance 3 on CPU 4)
[cmd-12] stress-ng: debug: [50415] ramfs: [50415] exited (instance 9 on CPU 11)
[cmd-12] stress-ng: debug: [49853] tsearch: [49853] exited (instance 112 on CPU 12)
[cmd-12] stress-ng: debug: [49300] tsearch: [49300] exited (instance 62 on CPU 2)
[cmd-12] stress-ng: debug: [49632] tsearch: [49632] exited (instance 99 on CPU 14)
[cmd-12] stress-ng: debug: [49841] tsearch: [49841] exited (instance 106 on CPU 3)
[cmd-12] stress-ng: debug: [49837] tsearch: [49837] exited (instance 104 on CPU 10)
[cmd-12] stress-ng: debug: [49496] tsearch: [49496] exited (instance 88 on CPU 16)
[cmd-12] stress-ng: debug: [50168] tsearch: [50168] exited (instance 127 on CPU 15)
[cmd-12] stress-ng: debug: [49274] tsearch: [49274] exited (instance 55 on CPU 7)
[cmd-12] stress-ng: debug: [49404] tsearch: [49404] exited (instance 77 on CPU 5)
[cmd-12] stress-ng: debug: [51826] sysfs: [51826] exited (instance 3 on CPU 9)
[cmd-12] stress-ng: debug: [49235] tsearch: [49235] exited (instance 46 on CPU 11)
[cmd-12] stress-ng: debug: [49623] tsearch: [49623] exited (instance 96 on CPU 6)
[cmd-12] stress-ng: debug: [51293] switch: [51293] exited (instance 1 on CPU 3)
[cmd-12] stress-ng: debug: [49128] tsearch: [49128] exited (instance 18 on CPU 2)
[cmd-12] stress-ng: debug: [49854] tsearch: [49854] exited (instance 113 on CPU 10)
[cmd-12] stress-ng: debug: [51777] sysfs: [51777] exited (instance 1 on CPU 12)
[cmd-12] stress-ng: debug: [49297] tsearch: [49297] exited (instance 61 on CPU 14)
[cmd-12] stress-ng: debug: [49156] tsearch: [49156] exited (instance 25 on CPU 4)
[cmd-12] stress-ng: debug: [51734] hrtimers: [51734] exited (instance 15 on CPU 7)
[cmd-12] stress-ng: debug: [50403] ramfs: [50403] exited (instance 4 on CPU 8)
[cmd-12] stress-ng: debug: [49252] tsearch: [49252] exited (instance 51 on CPU 18)
[cmd-12] stress-ng: debug: [49635] tsearch: [49635] exited (instance 100 on CPU 1)
[cmd-12] stress-ng: debug: [49107] tsearch: [49107] exited (instance 14 on CPU 11)
[cmd-12] stress-ng: debug: [49244] tsearch: [49244] exited (instance 49 on CPU 12)
[cmd-12] stress-ng: debug: [49199] tsearch: [49199] exited (instance 35 on CPU 15)
[cmd-12] stress-ng: debug: [49336] tsearch: [49336] exited (instance 76 on CPU 7)
[cmd-12] stress-ng: debug: [50152] tsearch: [50152] exited (instance 120 on CPU 0)
[cmd-12] stress-ng: debug: [49243] tsearch: [49243] exited (instance 48 on CPU 2)
[cmd-12] stress-ng: debug: [49417] tsearch: [49417] exited (instance 82 on CPU 13)
[cmd-12] stress-ng: debug: [49192] tsearch: [49192] exited (instance 34 on CPU 17)
[cmd-12] stress-ng: debug: [49176] tsearch: [49176] exited (instance 29 on CPU 15)
[cmd-12] stress-ng: debug: [49048] tsearch: [49048] exited (instance 1 on CPU 4)
[cmd-12] stress-ng: debug: [49844] tsearch: [49844] exited (instance 107 on CPU 6)
[cmd-12] stress-ng: debug: [49185] tsearch: [49185] exited (instance 32 on CPU 7)
[cmd-12] stress-ng: debug: [48909] tsearch: [49048] terminated (success)
[cmd-12] stress-ng: debug: [48909] tsearch: [49054] terminated (success)
[cmd-12] stress-ng: debug: [48909] tsearch: [49058] terminated (success)
[cmd-12] stress-ng: debug: [48909] tsearch: [49060] terminated (success)
[cmd-12] stress-ng: debug: [49164] tsearch: [49164] exited (instance 26 on CPU 12)
[cmd-12] stress-ng: debug: [49091] tsearch: [49091] exited (instance 10 on CPU 16)
[cmd-12] stress-ng: debug: [49155] tsearch: [49155] exited (instance 24 on CPU 2)
[cmd-12] stress-ng: debug: [49327] tsearch: [49327] exited (instance 74 on CPU 16)
[cmd-12] stress-ng: debug: [49077] tsearch: [49077] exited (instance 7 on CPU 0)
[cmd-12] stress-ng: debug: [49269] tsearch: [49269] exited (instance 54 on CPU 14)
[cmd-12] stress-ng: debug: [49066] tsearch: [49066] exited (instance 5 on CPU 9)
[cmd-12] stress-ng: debug: [49415] tsearch: [49415] exited (instance 81 on CPU 18)
[cmd-12] stress-ng: debug: [49181] tsearch: [49181] exited (instance 31 on CPU 15)
[cmd-12] stress-ng: debug: [49848] tsearch: [49848] exited (instance 109 on CPU 2)
[cmd-12] stress-ng: debug: [48909] tsearch: [49066] terminated (success)
[cmd-12] stress-ng: debug: [49317] tsearch: [49317] exited (instance 70 on CPU 1)
[cmd-12] stress-ng: debug: [48909] tsearch: [49073] terminated (success)
[cmd-12] stress-ng: debug: [49313] tsearch: [49313] exited (instance 68 on CPU 5)
[cmd-12] stress-ng: debug: [48909] tsearch: [49077] terminated (success)
[cmd-12] stress-ng: debug: [49312] tsearch: [49312] exited (instance 67 on CPU 14)
[cmd-12] stress-ng: debug: [51886] sysfs: [51886] exited (instance 4 on CPU 0)
[cmd-12] stress-ng: debug: [48909] tsearch: [49080] terminated (success)
[cmd-12] stress-ng: debug: [48909] tsearch: [49086] terminated (success)
[cmd-12] stress-ng: debug: [48909] tsearch: [49091] terminated (success)
[cmd-12] stress-ng: debug: [48909] tsearch: [49092] terminated (success)
[cmd-12] stress-ng: debug: [48909] tsearch: [49097] terminated (success)
[cmd-12] stress-ng: debug: [48909] tsearch: [49103] terminated (success)
[cmd-12] stress-ng: debug: [48909] tsearch: [49107] terminated (success)
[cmd-12] stress-ng: debug: [48909] tsearch: [49111] terminated (success)
[cmd-12] stress-ng: debug: [48909] tsearch: [49116] terminated (success)
[cmd-12] stress-ng: debug: [48909] tsearch: [49122] terminated (success)
[cmd-12] stress-ng: debug: [48909] tsearch: [49128] terminated (success)
[cmd-12] stress-ng: debug: [48909] tsearch: [49134] terminated (success)
[cmd-12] stress-ng: debug: [48909] tsearch: [49137] terminated (success)
[cmd-12] stress-ng: debug: [48909] tsearch: [49139] terminated (success)
[cmd-12] stress-ng: debug: [48909] tsearch: [49144] terminated (success)
[cmd-12] stress-ng: debug: [48909] tsearch: [49149] terminated (success)
[cmd-12] stress-ng: debug: [48909] tsearch: [49155] terminated (success)
[cmd-12] stress-ng: debug: [48909] tsearch: [49156] terminated (success)
[cmd-12] stress-ng: debug: [48909] tsearch: [49164] terminated (success)
[cmd-12] stress-ng: debug: [48909] tsearch: [49170] terminated (success)
[cmd-12] stress-ng: debug: [48909] tsearch: [49174] terminated (success)
[cmd-12] stress-ng: debug: [48909] tsearch: [49176] terminated (success)
[cmd-12] stress-ng: debug: [48909] tsearch: [49180] terminated (success)
[cmd-12] stress-ng: debug: [48909] tsearch: [49181] terminated (success)
[cmd-12] stress-ng: debug: [48909] tsearch: [49185] terminated (success)
[cmd-12] stress-ng: debug: [48909] tsearch: [49190] terminated (success)
[cmd-12] stress-ng: debug: [48909] tsearch: [49192] terminated (success)
[cmd-12] stress-ng: debug: [48909] tsearch: [49199] terminated (success)
[cmd-12] stress-ng: debug: [48909] tsearch: [49202] terminated (success)
[cmd-12] stress-ng: debug: [48909] tsearch: [49207] terminated (success)
[cmd-12] stress-ng: debug: [48909] tsearch: [49209] terminated (success)
[cmd-12] stress-ng: debug: [48909] tsearch: [49214] terminated (success)
[cmd-12] stress-ng: debug: [48909] tsearch: [49217] terminated (success)
[cmd-12] stress-ng: debug: [48909] tsearch: [49218] terminated (success)
[cmd-12] stress-ng: debug: [48909] tsearch: [49222] terminated (success)
[cmd-12] stress-ng: debug: [48909] tsearch: [49224] terminated (success)
[cmd-12] stress-ng: debug: [48909] tsearch: [49227] terminated (success)
[cmd-12] stress-ng: debug: [48909] tsearch: [49231] terminated (success)
[cmd-12] stress-ng: debug: [48909] tsearch: [49235] terminated (success)
[cmd-12] stress-ng: debug: [48909] tsearch: [49239] terminated (success)
[cmd-12] stress-ng: debug: [48909] tsearch: [49243] terminated (success)
[cmd-12] stress-ng: debug: [48909] tsearch: [49244] terminated (success)
[cmd-12] stress-ng: debug: [48909] tsearch: [49246] terminated (success)
[cmd-12] stress-ng: debug: [48909] tsearch: [49252] terminated (success)
[cmd-12] stress-ng: debug: [48909] tsearch: [49262] terminated (success)
[cmd-12] stress-ng: debug: [48909] tsearch: [49266] terminated (success)
[cmd-12] stress-ng: debug: [48909] tsearch: [49269] terminated (success)
[cmd-12] stress-ng: debug: [48909] tsearch: [49274] terminated (success)
[cmd-12] stress-ng: debug: [48909] tsearch: [49276] terminated (success)
[cmd-12] stress-ng: debug: [48909] tsearch: [49278] terminated (success)
[cmd-12] stress-ng: debug: [48909] tsearch: [49283] terminated (success)
[cmd-12] stress-ng: debug: [48909] tsearch: [49291] terminated (success)
[cmd-12] stress-ng: debug: [48909] tsearch: [49295] terminated (success)
[cmd-12] stress-ng: debug: [48909] tsearch: [49297] terminated (success)
[cmd-12] stress-ng: debug: [48909] tsearch: [49300] terminated (success)
[cmd-12] stress-ng: debug: [48909] tsearch: [49305] terminated (success)
[cmd-12] stress-ng: debug: [48909] tsearch: [49308] terminated (success)
[cmd-12] stress-ng: debug: [48909] tsearch: [49310] terminated (success)
[cmd-12] stress-ng: debug: [48909] tsearch: [49311] terminated (success)
[cmd-12] stress-ng: debug: [48909] tsearch: [49312] terminated (success)
[cmd-12] stress-ng: debug: [48909] tsearch: [49313] terminated (success)
[cmd-12] stress-ng: debug: [48909] tsearch: [49316] terminated (success)
[cmd-12] stress-ng: debug: [48909] tsearch: [49317] terminated (success)
[cmd-12] stress-ng: debug: [48909] tsearch: [49319] terminated (success)
[cmd-12] stress-ng: debug: [48909] tsearch: [49322] terminated (success)
[cmd-12] stress-ng: debug: [48909] tsearch: [49324] terminated (success)
[cmd-12] stress-ng: debug: [48909] tsearch: [49327] terminated (success)
[cmd-12] stress-ng: debug: [48909] tsearch: [49332] terminated (success)
[cmd-12] stress-ng: debug: [48909] tsearch: [49336] terminated (success)
[cmd-12] stress-ng: debug: [48909] tsearch: [49404] terminated (success)
[cmd-12] stress-ng: debug: [48909] tsearch: [49409] terminated (success)
[cmd-12] stress-ng: debug: [48909] tsearch: [49411] terminated (success)
[cmd-12] stress-ng: debug: [48909] tsearch: [49413] terminated (success)
[cmd-12] stress-ng: debug: [48909] tsearch: [49415] terminated (success)
[cmd-12] stress-ng: debug: [48909] tsearch: [49417] terminated (success)
[cmd-12] stress-ng: debug: [48909] tsearch: [49420] terminated (success)
[cmd-12] stress-ng: debug: [48909] tsearch: [49481] terminated (success)
[cmd-12] stress-ng: debug: [48909] tsearch: [49487] terminated (success)
[cmd-12] stress-ng: debug: [48909] tsearch: [49489] terminated (success)
[cmd-12] stress-ng: debug: [48909] tsearch: [49493] terminated (success)
[cmd-12] stress-ng: debug: [48909] tsearch: [49496] terminated (success)
[cmd-12] stress-ng: debug: [48909] tsearch: [49498] terminated (success)
[cmd-12] stress-ng: debug: [48909] tsearch: [49501] terminated (success)
[cmd-12] stress-ng: debug: [48909] tsearch: [49603] terminated (success)
[cmd-12] stress-ng: debug: [48909] tsearch: [49609] terminated (success)
[cmd-12] stress-ng: debug: [48909] tsearch: [49613] terminated (success)
[cmd-12] stress-ng: debug: [48909] tsearch: [49615] terminated (success)
[cmd-12] stress-ng: debug: [48909] tsearch: [49620] terminated (success)
[cmd-12] stress-ng: debug: [48909] tsearch: [49623] terminated (success)
[cmd-12] stress-ng: debug: [48909] tsearch: [49625] terminated (success)
[cmd-12] stress-ng: debug: [48909] tsearch: [49629] terminated (success)
[cmd-12] stress-ng: debug: [48909] tsearch: [49632] terminated (success)
[cmd-12] stress-ng: debug: [48909] tsearch: [49635] terminated (success)
[cmd-12] stress-ng: debug: [48909] tsearch: [49829] terminated (success)
[cmd-12] stress-ng: debug: [48909] tsearch: [49831] terminated (success)
[cmd-12] stress-ng: debug: [48909] tsearch: [49834] terminated (success)
[cmd-12] stress-ng: debug: [48909] tsearch: [49837] terminated (success)
[cmd-12] stress-ng: debug: [48909] tsearch: [49839] terminated (success)
[cmd-12] stress-ng: debug: [48909] tsearch: [49841] terminated (success)
[cmd-12] stress-ng: debug: [48909] tsearch: [49844] terminated (success)
[cmd-12] stress-ng: debug: [48909] tsearch: [49846] terminated (success)
[cmd-12] stress-ng: debug: [48909] tsearch: [49848] terminated (success)
[cmd-12] stress-ng: debug: [48909] tsearch: [49849] terminated (success)
[cmd-12] stress-ng: debug: [48909] tsearch: [49851] terminated (success)
[cmd-12] stress-ng: debug: [48909] tsearch: [49853] terminated (success)
[cmd-12] stress-ng: debug: [48909] tsearch: [49854] terminated (success)
[cmd-12] stress-ng: debug: [48909] tsearch: [50137] terminated (success)
[cmd-12] stress-ng: debug: [48909] tsearch: [50142] terminated (success)
[cmd-12] stress-ng: debug: [48909] tsearch: [50145] terminated (success)
[cmd-12] stress-ng: debug: [48909] tsearch: [50146] terminated (success)
[cmd-12] stress-ng: debug: [48909] tsearch: [50149] terminated (success)
[cmd-12] stress-ng: debug: [48909] tsearch: [50150] terminated (success)
[cmd-12] stress-ng: debug: [48909] tsearch: [50152] terminated (success)
[cmd-12] stress-ng: debug: [48909] tsearch: [50154] terminated (success)
[cmd-12] stress-ng: debug: [48909] tsearch: [50156] terminated (success)
[cmd-12] stress-ng: debug: [48909] tsearch: [50159] terminated (success)
[cmd-12] stress-ng: debug: [48909] tsearch: [50163] terminated (success)
[cmd-12] stress-ng: debug: [48909] tsearch: [50164] terminated (success)
[cmd-12] stress-ng: debug: [48909] tsearch: [50166] terminated (success)
[cmd-12] stress-ng: debug: [48909] tsearch: [50168] terminated (success)
[cmd-12] stress-ng: debug: [48909] ramfs: [50170] terminated (success)
[cmd-12] stress-ng: debug: [48909] ramfs: [50173] terminated (success)
[cmd-12] stress-ng: debug: [48909] ramfs: [50397] terminated (success)
[cmd-12] stress-ng: debug: [48909] ramfs: [50401] terminated (success)
[cmd-12] stress-ng: debug: [48909] ramfs: [50403] terminated (success)
[cmd-12] stress-ng: debug: [48909] ramfs: [50404] terminated (success)
[cmd-12] stress-ng: debug: [48909] ramfs: [50407] terminated (success)
[cmd-12] stress-ng: debug: [48909] ramfs: [50410] terminated (success)
[cmd-12] stress-ng: debug: [48909] ramfs: [50413] terminated (success)
[cmd-12] stress-ng: debug: [48909] ramfs: [50415] terminated (success)
[cmd-12] stress-ng: debug: [48909] ramfs: [50418] terminated (success)
[cmd-12] stress-ng: debug: [48909] ramfs: [50424] terminated (success)
[cmd-12] stress-ng: debug: [48909] ramfs: [50428] terminated (success)
[cmd-12] stress-ng: debug: [48909] ramfs: [50430] terminated (success)
[cmd-12] stress-ng: debug: [48909] ramfs: [50432] terminated (success)
[cmd-12] stress-ng: debug: [48909] ramfs: [50436] terminated (success)
[cmd-12] stress-ng: debug: [48909] hdd: [50691] terminated (success)
[cmd-12] stress-ng: debug: [48909] hdd: [50697] terminated (success)
[cmd-12] stress-ng: debug: [48909] hdd: [50699] terminated (success)
[cmd-12] stress-ng: debug: [48909] hdd: [50703] terminated (success)
[cmd-12] stress-ng: debug: [48909] hdd: [50740] terminated (success)
[cmd-12] stress-ng: debug: [48909] hdd: [50741] terminated (success)
[cmd-12] stress-ng: debug: [48909] hdd: [50796] terminated (success)
[cmd-12] stress-ng: debug: [48909] hdd: [50801] terminated (success)
[cmd-12] stress-ng: debug: [48909] hdd: [50804] terminated (success)
[cmd-12] stress-ng: debug: [48909] hdd: [50986] terminated (success)
[cmd-12] stress-ng: debug: [48909] hdd: [50990] terminated (success)
[cmd-12] stress-ng: debug: [48909] hdd: [50993] terminated (success)
[cmd-12] stress-ng: debug: [48909] hdd: [50997] terminated (success)
[cmd-12] stress-ng: debug: [48909] hdd: [50998] terminated (success)
[cmd-12] stress-ng: debug: [48909] hdd: [51001] terminated (success)
[cmd-12] stress-ng: debug: [48909] hdd: [51004] terminated (success)
[cmd-12] stress-ng: debug: [48909] icmp-flood: [51010] terminated (success)
[cmd-12] stress-ng: debug: [48909] icmp-flood: [51013] terminated (success)
[cmd-12] stress-ng: debug: [48909] icmp-flood: [51015] terminated (success)
[cmd-12] stress-ng: debug: [48909] icmp-flood: [51284] terminated (success)
[cmd-12] stress-ng: debug: [48909] switch: [51288] terminated (success)
[cmd-12] stress-ng: debug: [48909] switch: [51293] terminated (success)
[cmd-12] stress-ng: debug: [48909] switch: [51296] terminated (success)
[cmd-12] stress-ng: debug: [48909] switch: [51298] terminated (success)
[cmd-12] stress-ng: debug: [48909] hrtimers: [51334] terminated (success)
[cmd-12] stress-ng: debug: [48909] hrtimers: [51342] terminated (success)
[cmd-12] stress-ng: debug: [48909] hrtimers: [51345] terminated (success)
[cmd-12] stress-ng: debug: [48909] hrtimers: [51576] terminated (success)
[cmd-12] stress-ng: debug: [48909] hrtimers: [51581] terminated (success)
[cmd-12] stress-ng: debug: [48909] hrtimers: [51588] terminated (success)
[cmd-12] stress-ng: debug: [48909] hrtimers: [51590] terminated (success)
[cmd-12] stress-ng: debug: [48909] hrtimers: [51592] terminated (success)
[cmd-12] stress-ng: debug: [48909] hrtimers: [51595] terminated (success)
[cmd-12] stress-ng: debug: [48909] hrtimers: [51596] terminated (success)
[cmd-12] stress-ng: debug: [48909] hrtimers: [51600] terminated (success)
[cmd-12] stress-ng: debug: [48909] hrtimers: [51603] terminated (success)
[cmd-12] stress-ng: debug: [48909] hrtimers: [51606] terminated (success)
[cmd-12] stress-ng: debug: [48909] hrtimers: [51712] terminated (success)
[cmd-12] stress-ng: debug: [48909] hrtimers: [51717] terminated (success)
[cmd-12] stress-ng: debug: [48909] hrtimers: [51734] terminated (success)
[cmd-12] stress-ng: debug: [48909] sysfs: [51747] terminated (success)
[cmd-12] stress-ng: debug: [48909] sysfs: [51777] terminated (success)
[cmd-12] stress-ng: debug: [51798] sysfs: skipped 0 out of 414 sysfs files accessed
[cmd-12] stress-ng: debug: [51798] sysfs: [51798] exited (instance 2 on CPU 2)
[cmd-12] stress-ng: debug: [48909] sysfs: [51798] terminated (success)
[cmd-12] stress-ng: debug: [48909] sysfs: [51826] terminated (success)
[cmd-12] stress-ng: debug: [48909] sysfs: [51886] terminated (success)
[cmd-12] stress-ng: debug: [51973] sysfs: skipped 0 out of 532 sysfs files accessed
[cmd-12] stress-ng: debug: [51973] sysfs: [51973] exited (instance 5 on CPU 10)
[cmd-12] stress-ng: debug: [48909] sysfs: [51973] terminated (success)
[cmd-12] stress-ng: debug: [52061] sysfs: skipped 0 out of 569 sysfs files accessed
[cmd-12] stress-ng: debug: [52061] sysfs: [52061] exited (instance 7 on CPU 15)
[cmd-12] stress-ng: debug: [52099] sysfs: skipped 0 out of 586 sysfs files accessed
[cmd-12] stress-ng: debug: [52099] sysfs: [52099] exited (instance 8 on CPU 17)
[cmd-12] stress-ng: debug: [52019] sysfs: skipped 0 out of 673 sysfs files accessed
[cmd-12] stress-ng: debug: [52019] sysfs: [52019] exited (instance 6 on CPU 8)
[cmd-12] stress-ng: debug: [48909] sysfs: [52019] terminated (success)
[cmd-12] stress-ng: debug: [48909] sysfs: [52061] terminated (success)
[cmd-12] stress-ng: debug: [48909] sysfs: [52099] terminated (success)
[cmd-12] stress-ng: debug: [52128] sysfs: skipped 0 out of 568 sysfs files accessed
[cmd-12] stress-ng: debug: [52128] sysfs: [52128] exited (instance 9 on CPU 18)
[cmd-12] stress-ng: debug: [48909] sysfs: [52128] terminated (success)
[cmd-12] stress-ng: debug: [52174] sysfs: skipped 0 out of 647 sysfs files accessed
[cmd-12] stress-ng: debug: [52174] sysfs: [52174] exited (instance 10 on CPU 3)
[cmd-12] stress-ng: debug: [48909] sysfs: [52174] terminated (success)
[cmd-12] stress-ng: debug: [52238] sysfs: skipped 0 out of 650 sysfs files accessed
[cmd-12] stress-ng: debug: [52238] sysfs: [52238] exited (instance 11 on CPU 18)
[cmd-12] stress-ng: debug: [48909] sysfs: [52238] terminated (success)
[cmd-12] stress-ng: debug: [52287] sysfs: skipped 0 out of 886 sysfs files accessed
[cmd-12] stress-ng: debug: [52287] sysfs: [52287] exited (instance 12 on CPU 18)
[cmd-12] stress-ng: debug: [48909] sysfs: [52287] terminated (success)
[cmd-12] stress-ng: debug: [52319] sysfs: skipped 0 out of 783 sysfs files accessed
[cmd-12] stress-ng: debug: [52319] sysfs: [52319] exited (instance 13 on CPU 18)
[cmd-12] stress-ng: debug: [48909] sysfs: [52319] terminated (success)
[cmd-12] stress-ng: debug: [52349] sysfs: skipped 0 out of 863 sysfs files accessed
[cmd-12] stress-ng: debug: [52349] sysfs: [52349] exited (instance 14 on CPU 10)
[cmd-12] stress-ng: debug: [48909] sysfs: [52349] terminated (success)
[cmd-12] stress-ng: debug: [52380] sysfs: skipped 0 out of 857 sysfs files accessed
[cmd-12] stress-ng: debug: [52380] sysfs: [52380] exited (instance 15 on CPU 19)
[cmd-12] stress-ng: debug: [48909] sysfs: [52380] terminated (success)
[cmd-12] stress-ng: debug: [48909] metrics-check: all stressor metrics validated and sane
[cmd-12] stress-ng: info:  [48909] peterson:
[cmd-12] stress-ng: info:  [48909]               acpitz0   72.15 C (345.30 K)
[cmd-12] stress-ng: info:  [48909]               acpitz1   78.90 C (352.05 K)
[cmd-12] stress-ng: info:  [48909]               acpitz2   59.85 C (333.00 K)
[cmd-12] stress-ng: info:  [48909]               acpitz3   67.12 C (340.27 K)
[cmd-12] stress-ng: info:  [48909]               acpitz4   66.28 C (339.42 K)
[cmd-12] stress-ng: info:  [48909]               acpitz5   67.80 C (340.95 K)
[cmd-12] stress-ng: info:  [48909]               acpitz6   78.97 C (352.12 K)
[cmd-12] stress-ng: info:  [48909] vm-segv:
[cmd-12] stress-ng: info:  [48909]               acpitz0   72.12 C (345.27 K)
[cmd-12] stress-ng: info:  [48909]               acpitz1   78.90 C (352.05 K)
[cmd-12] stress-ng: info:  [48909]               acpitz2   59.85 C (333.00 K)
[cmd-12] stress-ng: info:  [48909]               acpitz3   67.06 C (340.21 K)
[cmd-12] stress-ng: info:  [48909]               acpitz4   66.25 C (339.40 K)
[cmd-12] stress-ng: info:  [48909]               acpitz5   67.80 C (340.95 K)
[cmd-12] stress-ng: info:  [48909]               acpitz6   78.91 C (352.06 K)
[cmd-12] stress-ng: info:  [48909] numa:
[cmd-12] stress-ng: info:  [48909]               acpitz0   72.00 C (345.15 K)
[cmd-12] stress-ng: info:  [48909]               acpitz1   78.80 C (351.95 K)
[cmd-12] stress-ng: info:  [48909]               acpitz2   59.85 C (333.00 K)
[cmd-12] stress-ng: info:  [48909]               acpitz3   67.03 C (340.17 K)
[cmd-12] stress-ng: info:  [48909]               acpitz4   66.22 C (339.38 K)
[cmd-12] stress-ng: info:  [48909]               acpitz5   67.80 C (340.95 K)
[cmd-12] stress-ng: info:  [48909]               acpitz6   78.80 C (351.95 K)
[cmd-12] stress-ng: info:  [48909] tsearch:
[cmd-12] stress-ng: info:  [48909]               acpitz0   72.40 C (345.55 K)
[cmd-12] stress-ng: info:  [48909]               acpitz1   79.13 C (352.28 K)
[cmd-12] stress-ng: info:  [48909]               acpitz2   59.90 C (333.05 K)
[cmd-12] stress-ng: info:  [48909]               acpitz3   67.26 C (340.41 K)
[cmd-12] stress-ng: info:  [48909]               acpitz4   66.35 C (339.50 K)
[cmd-12] stress-ng: info:  [48909]               acpitz5   67.80 C (340.95 K)
[cmd-12] stress-ng: info:  [48909]               acpitz6   79.13 C (352.28 K)
[cmd-12] stress-ng: info:  [48909] ramfs:
[cmd-12] stress-ng: info:  [48909]               acpitz0   72.43 C (345.58 K)
[cmd-12] stress-ng: info:  [48909]               acpitz1   79.22 C (352.37 K)
[cmd-12] stress-ng: info:  [48909]               acpitz2   59.90 C (333.05 K)
[cmd-12] stress-ng: info:  [48909]               acpitz3   67.28 C (340.42 K)
[cmd-12] stress-ng: info:  [48909]               acpitz4   66.38 C (339.53 K)
[cmd-12] stress-ng: info:  [48909]               acpitz5   67.80 C (340.95 K)
[cmd-12] stress-ng: info:  [48909]               acpitz6   79.22 C (352.38 K)
[cmd-12] stress-ng: info:  [48909] hdd:
[cmd-12] stress-ng: info:  [48909]               acpitz0   72.48 C (345.63 K)
[cmd-12] stress-ng: info:  [48909]               acpitz1   79.28 C (352.42 K)
[cmd-12] stress-ng: info:  [48909]               acpitz2   59.90 C (333.05 K)
[cmd-12] stress-ng: info:  [48909]               acpitz3   67.29 C (340.44 K)
[cmd-12] stress-ng: info:  [48909]               acpitz4   66.39 C (339.54 K)
[cmd-12] stress-ng: info:  [48909]               acpitz5   67.80 C (340.95 K)
[cmd-12] stress-ng: info:  [48909]               acpitz6   79.28 C (352.42 K)
[cmd-12] stress-ng: info:  [48909] icmp-flood:
[cmd-12] stress-ng: info:  [48909]               acpitz0   71.92 C (345.07 K)
[cmd-12] stress-ng: info:  [48909]               acpitz1   78.67 C (351.82 K)
[cmd-12] stress-ng: info:  [48909]               acpitz2   59.83 C (332.97 K)
[cmd-12] stress-ng: info:  [48909]               acpitz3   66.92 C (340.07 K)
[cmd-12] stress-ng: info:  [48909]               acpitz4   66.20 C (339.35 K)
[cmd-12] stress-ng: info:  [48909]               acpitz5   67.80 C (340.95 K)
[cmd-12] stress-ng: info:  [48909]               acpitz6   78.75 C (351.90 K)
[cmd-12] stress-ng: info:  [48909] switch:
[cmd-12] stress-ng: info:  [48909]               acpitz0   72.00 C (345.15 K)
[cmd-12] stress-ng: info:  [48909]               acpitz1   78.80 C (351.95 K)
[cmd-12] stress-ng: info:  [48909]               acpitz2   59.83 C (332.97 K)
[cmd-12] stress-ng: info:  [48909]               acpitz3   66.97 C (340.12 K)
[cmd-12] stress-ng: info:  [48909]               acpitz4   66.20 C (339.35 K)
[cmd-12] stress-ng: info:  [48909]               acpitz5   67.80 C (340.95 K)
[cmd-12] stress-ng: info:  [48909]               acpitz6   78.67 C (351.82 K)
[cmd-12] stress-ng: info:  [48909] hrtimers:
[cmd-12] stress-ng: info:  [48909]               acpitz0   72.17 C (345.32 K)
[cmd-12] stress-ng: info:  [48909]               acpitz1   78.88 C (352.03 K)
[cmd-12] stress-ng: info:  [48909]               acpitz2   59.86 C (333.01 K)
[cmd-12] stress-ng: info:  [48909]               acpitz3   67.09 C (340.24 K)
[cmd-12] stress-ng: info:  [48909]               acpitz4   66.25 C (339.40 K)
[cmd-12] stress-ng: info:  [48909]               acpitz5   67.80 C (340.95 K)
[cmd-12] stress-ng: info:  [48909]               acpitz6   78.92 C (352.07 K)
[cmd-12] stress-ng: info:  [48909] sysfs:
[cmd-12] stress-ng: info:  [48909]               acpitz0   64.59 C (337.74 K)
[cmd-12] stress-ng: info:  [48909]               acpitz1   67.56 C (340.71 K)
[cmd-12] stress-ng: info:  [48909]               acpitz2   58.79 C (331.94 K)
[cmd-12] stress-ng: info:  [48909]               acpitz3   62.48 C (335.63 K)
[cmd-12] stress-ng: info:  [48909]               acpitz4   61.67 C (334.82 K)
[cmd-12] stress-ng: info:  [48909]               acpitz5   62.71 C (335.86 K)
[cmd-12] stress-ng: info:  [48909]               acpitz6   67.53 C (340.68 K)
[cmd-12] stress-ng: info:  [48909] skipped: 4: sysinval (4)
[cmd-12] stress-ng: info:  [48909] passed: 240: peterson (4) vm-segv (32) numa (4) tsearch (128) ramfs (16) hdd (16) icmp-flood (4) switch (4) hrtimers (16) sysfs (16)
[cmd-12] stress-ng: info:  [48909] failed: 0
[cmd-12] stress-ng: info:  [48909] metrics untrustworthy: 0
[cmd-12] stress-ng: info:  [48909] successful run completed in 10 mins, 19.14 secs
$ nice -n 10 stress-ng --peterson 4 --vm-segv 32 --numa 4 --tsearch 128 --ramfs 16 --hdd 16 --icmp-flood 4 --switch 4 --hrtimers 16 --hrtimers-adjust --sysfs 16 --klog-check --sysinval 4 -t 300 --tz -v --verify -t 600 ExitCode: 0 Running time in secs: 619.1736209392548
[2026-08-27 10:45:17.401955] ('Timeout Handler logs:',)
[2026-08-27 10:45:17.402071] ('[2026-08-27 10:45:17.402060] Initial timeout duration configured = 750000.0 ms',)
