Worst case timeout for custommods = 1200 seconds
[cmd-6] $ /opt/nvidia/dgx-spark-fieldiag/dgx/tests/mods.580/fieldiag spec=C2CStressSpec max_file_size=500 specfile=dgxfielddiag.spe diag_type=field product_name=spark post_reset_delay_ms=0 row_remap_on_error append_log json pex_verbose
[cmd-6] 
[cmd-6] DiagType: field
[cmd-6] MODS start: Thu Aug 27 10:45:02 2026
[cmd-6] 
[cmd-6] Error Code = 000000000000 (ok)
[cmd-6] 
[cmd-6]  #######     ####     ######    ######
[cmd-6]  ########   ######   ########  ########
[cmd-6]  ##    ##  ##    ##  ##     #  ##     #
[cmd-6]  ##    ##  ##    ##   ###       ###
[cmd-6]  ########  ########    ####      ####
[cmd-6]  #######   ########      ###       ###
[cmd-6]  ##        ##    ##  #     ##  #     ##
[cmd-6]  ##        ##    ##  ########  ########
[cmd-6]  ##        ##    ##   ######    ######
[cmd-6] 
[cmd-6] MODS end  : Thu Aug 27 10:45:08 2026  [6.652 seconds (00:00:06.652 h:m:s)]
[cmd-6] MODS end  : Thu Aug 27 10:45:08 2026  [6.675 seconds (00:00:06.675 h:m:s)]
[2026-08-27 10:45:02.067747] ('Timeout Handler logs:',)
[2026-08-27 10:45:02.067810] ('[2026-08-27 10:45:02.067808] Initial timeout duration configured = 600000 ms',)
