Command Line: onediagfield.r9.257.3 --keep_disp_enabled --force_product=spark --run_spec=spec_dgx_spark_field_level2.json
******************************************************************
*                                                                *
*                      DGX FIELD DIAGNOSTIC                      *
*                                                                *
******************************************************************

Version                  r9.257.3
Python                   /opt/nvidia/dgx-spark-fieldiag/dgx/python/python-3.10.7-glibc-2.17-aarch64/bin/python3
Build Date               Fri, 19 Dec 2025
Start time               Thu, 27 Aug 2026 10:41:42
Est. Completion time     Thu, 27 Aug 2026 13:44:12
Logs                     /opt/nvidia/dgx-spark-fieldiag/dgx/logs-20260827-104115
Inforom logs             /opt/nvidia/dgx-spark-fieldiag/dgx/logs-20260827-104115/inforom
Product                  NVIDIA_DGX_Spark
Product Version          A.7
Family                   DGX Spark
SKU                      0000
Serial Number            1984025003541

Testing GpuStress OK [ 3:19s ]
Testing C2CStress OK [ 0:06s ]
Testing CpuStress1 OK [ 0:08s ]
Testing CpuStress2 OK [ 10:19s ]
Testing PowerStress OK [ 8:10s ]
Testing ThermalStress OK [ 0:42s ]
Testing FioSSD OK [ 0:11s ]
Testing MemStress OK [ 7:06s ]

Exit Code         | Virtual Id    | Test       | Subtest | Component | Component Id | Notes
===========================================================================================
MODS-000000000000 | GpuStress     | custommods |         | GPU       |              | OK
MODS-000000000000 | C2CStress     | custommods |         | C2C       |              | OK
MODS-000000000000 | CpuStress1    | custommods |         | CPU       |              | OK
DGX-000000000000  | CpuStress2    | cpustress  |         | CPU       |              | OK
MODS-000000000000 | PowerStress   | custommods |         | Power     |              | OK
MODS-000000000000 | ThermalStress | custommods |         | Thermal   |              | OK
DGX-000000000000  | FioSSD        | custom     |         | SSD       |              | OK
DGX-000000000000  | MemStress     | custom     |         | Memory    |              | OK

#######     ####     ######    ###### 
########   ######   ########  ########
##    ##  ##    ##  ##     #  ##     #
##    ##  ##    ##   ###       ###    
########  ########    ####      ####  
#######   ########      ###       ### 
##        ##    ##  #     ##  #     ##
##        ##    ##  ########  ########
##        ##    ##   ######    ###### 

Final Result: PASS
End time: Thu, 27 Aug 2026 11:11:48 [ 30:06s elapsed ]
