[Thu Aug 27 11:04:30 2026] mods [1]: driver closed
[Thu Aug 27 11:08:49 2026] nvidia_uvm: Unknown symbol nvUvmInterfaceDisableAccessCntr (err -2)
[Thu Aug 27 11:08:49 2026] nvidia_uvm: Unknown symbol nvUvmInterfaceChannelDestroy (err -2)
[Thu Aug 27 11:08:49 2026] nvidia_uvm: Unknown symbol nvUvmInterfaceQueryCaps (err -2)
[Thu Aug 27 11:08:49 2026] nvidia_uvm: Unknown symbol nvUvmInterfaceUnsetPageDirectory (err -2)
[Thu Aug 27 11:08:49 2026] nvidia_uvm: Unknown symbol nvUvmInterfaceInitAccessCntrInfo (err -2)
[Thu Aug 27 11:08:49 2026] nvidia_uvm: Unknown symbol nvUvmInterfaceTsgDestroy (err -2)
[Thu Aug 27 11:08:49 2026] nvidia_uvm: Unknown symbol nvUvmInterfaceReleaseChannel (err -2)
[Thu Aug 27 11:08:49 2026] nvidia_uvm: Unknown symbol nvUvmInterfaceMemoryAllocSys (err -2)
[Thu Aug 27 11:08:49 2026] nvidia_uvm: Unknown symbol nvUvmInterfaceMemoryCpuMap (err -2)
[Thu Aug 27 11:08:49 2026] nvidia_uvm: Unknown symbol nvUvmInterfacePagingChannelAllocate (err -2)
[Thu Aug 27 11:08:49 2026] nvidia_uvm: Unknown symbol nvUvmInterfaceCslEncrypt (err -2)
[Thu Aug 27 11:08:49 2026] nvidia_uvm: Unknown symbol nvUvmInterfacePmaFreePages (err -2)
[Thu Aug 27 11:08:49 2026] nvidia_uvm: Unknown symbol nvUvmInterfacePagingChannelsMap (err -2)
[Thu Aug 27 11:08:49 2026] nvidia_uvm: Unknown symbol nvUvmInterfaceGetExternalAllocPhysAddrs (err -2)
[Thu Aug 27 11:08:49 2026] nvidia_uvm: Unknown symbol nvUvmInterfaceSetPageDirectory (err -2)
[Thu Aug 27 11:08:49 2026] nvidia_uvm: Unknown symbol nvUvmInterfaceMemoryCpuUnMap (err -2)
[Thu Aug 27 11:08:49 2026] nvidia_uvm: Unknown symbol nvUvmInterfaceOwnPageFaultIntr (err -2)
[Thu Aug 27 11:08:49 2026] nvidia_uvm: Unknown symbol nvUvmInterfacePagingChannelPushStream (err -2)
[Thu Aug 27 11:08:49 2026] nvidia_uvm: Unknown symbol nvUvmInterfaceDupAddressSpace (err -2)
[Thu Aug 27 11:08:49 2026] nvidia_uvm: Unknown symbol nvUvmInterfaceGetExternalAllocPtes (err -2)
[Thu Aug 27 11:08:49 2026] nvidia_uvm: Unknown symbol nvUvmInterfaceCslRotateKey (err -2)
[Thu Aug 27 11:08:49 2026] nvidia_uvm: Unknown symbol nvUvmInterfaceRegisterGpu (err -2)
[Thu Aug 27 11:08:49 2026] nvidia_uvm: Unknown symbol nvUvmInterfaceP2pObjectDestroy (err -2)
[Thu Aug 27 11:08:49 2026] nvidia_uvm: Unknown symbol nvUvmInterfaceGetNonReplayableFaults (err -2)
[Thu Aug 27 11:08:49 2026] nvidia_uvm: Unknown symbol nvUvmInterfaceGetFbInfo (err -2)
[Thu Aug 27 11:08:49 2026] nvidia_uvm: Unknown symbol nvUvmInterfaceRetainChannel (err -2)
[Thu Aug 27 11:08:49 2026] nvidia_uvm: Unknown symbol nvUvmInterfaceCslDecrypt (err -2)
[Thu Aug 27 11:08:49 2026] nvidia_uvm: Unknown symbol nvUvmInterfaceCslLogEncryption (err -2)
[Thu Aug 27 11:08:49 2026] nvidia_uvm: Unknown symbol nvUvmInterfaceHasPendingNonReplayableFaults (err -2)
[Thu Aug 27 11:08:49 2026] nvidia_uvm: Unknown symbol nvUvmInterfaceDestroyAccessCntrInfo (err -2)
[Thu Aug 27 11:08:49 2026] nvidia_uvm: Unknown symbol nvUvmInterfacePagingChannelsUnmap (err -2)
[Thu Aug 27 11:08:49 2026] nvidia_uvm: Unknown symbol nvUvmInterfaceStopChannel (err -2)
[Thu Aug 27 11:08:49 2026] nvidia_uvm: Unknown symbol nvUvmInterfaceCslQueryMessagePool (err -2)
[Thu Aug 27 11:08:49 2026] nvidia_uvm: Unknown symbol nvUvmInterfaceTogglePrefetchFaults (err -2)
[Thu Aug 27 11:08:49 2026] nvidia_uvm: Unknown symbol nvUvmInterfaceDestroyFaultInfo (err -2)
[Thu Aug 27 11:08:49 2026] nvidia_uvm: Unknown symbol nvUvmInterfaceGetNvlinkInfo (err -2)
[Thu Aug 27 11:08:49 2026] nvidia_uvm: Unknown symbol nvUvmInterfaceMemoryAllocFB (err -2)
[Thu Aug 27 11:08:49 2026] nvidia_uvm: Unknown symbol nvUvmInterfaceCslInitContext (err -2)
[Thu Aug 27 11:08:49 2026] nvidia_uvm: Unknown symbol nvUvmInterfaceDeinitCslContext (err -2)
[Thu Aug 27 11:08:49 2026] nvidia_uvm: Unknown symbol nvUvmInterfaceQueryCopyEnginesCaps (err -2)
[Thu Aug 27 11:08:49 2026] nvidia_uvm: Unknown symbol nvUvmInterfaceCslIncrementIv (err -2)
[Thu Aug 27 11:08:49 2026] nvidia_uvm: Unknown symbol nvUvmInterfaceReportNonReplayableFault (err -2)
[Thu Aug 27 11:08:49 2026] nvidia_uvm: Unknown symbol nvUvmInterfaceGetGpuInfo (err -2)
[Thu Aug 27 11:08:49 2026] nvidia_uvm: Unknown symbol nvUvmInterfaceBindChannelResources (err -2)
[Thu Aug 27 11:08:49 2026] nvidia_uvm: Unknown symbol nvUvmInterfaceInitFaultInfo (err -2)
[Thu Aug 27 11:08:49 2026] nvidia_uvm: Unknown symbol nvUvmInterfaceCslRotateIv (err -2)
[Thu Aug 27 11:08:49 2026] nvidia_uvm: Unknown symbol nvUvmInterfacePagingChannelDestroy (err -2)
[Thu Aug 27 11:08:49 2026] nvidia_uvm: Unknown symbol nvUvmInterfaceDeviceCreate (err -2)
[Thu Aug 27 11:08:49 2026] nvidia_uvm: Unknown symbol nvUvmInterfaceServiceDeviceInterruptsRM (err -2)
[Thu Aug 27 11:08:49 2026] nvidia_uvm: Unknown symbol nvUvmInterfaceDeRegisterUvmOps (err -2)
[Thu Aug 27 11:08:49 2026] nvidia_uvm: Unknown symbol nvUvmInterfaceFreeDupedHandle (err -2)
[Thu Aug 27 11:08:49 2026] nvidia_uvm: Unknown symbol nvUvmInterfaceMemoryFree (err -2)
[Thu Aug 27 11:08:49 2026] nvidia_uvm: Unknown symbol nvUvmInterfaceTsgAllocate (err -2)
[Thu Aug 27 11:08:49 2026] nvidia_uvm: Unknown symbol nvUvmInterfacePmaRegisterEvictionCallbacks (err -2)
[Thu Aug 27 11:08:49 2026] nvidia_uvm: Unknown symbol nvUvmInterfaceGetEccInfo (err -2)
[Thu Aug 27 11:08:49 2026] nvidia_uvm: Unknown symbol nvUvmInterfaceP2pObjectCreate (err -2)
[Thu Aug 27 11:08:49 2026] nvidia_uvm: Unknown symbol nvUvmInterfaceGetChannelResourcePtes (err -2)
[Thu Aug 27 11:08:49 2026] nvidia_uvm: Unknown symbol nvUvmInterfaceCslSign (err -2)
[Thu Aug 27 11:08:49 2026] nvidia_uvm: Unknown symbol nvUvmInterfaceGetPmaObject (err -2)
[Thu Aug 27 11:08:49 2026] nvidia_uvm: Unknown symbol nvUvmInterfaceSessionDestroy (err -2)
[Thu Aug 27 11:08:49 2026] nvidia_uvm: Unknown symbol nvUvmInterfaceDupMemory (err -2)
[Thu Aug 27 11:08:49 2026] nvidia_uvm: Unknown symbol nvUvmInterfaceDeviceDestroy (err -2)
[Thu Aug 27 11:08:49 2026] nvidia_uvm: Unknown symbol nvUvmInterfaceFlushReplayableFaultBuffer (err -2)
[Thu Aug 27 11:08:49 2026] nvidia_uvm: Unknown symbol nvUvmInterfaceAddressSpaceCreate (err -2)
[Thu Aug 27 11:08:49 2026] nvidia_uvm: Unknown symbol nvUvmInterfaceUnregisterGpu (err -2)
[Thu Aug 27 11:08:49 2026] nvidia_uvm: Unknown symbol nvUvmInterfaceAddressSpaceDestroy (err -2)
[Thu Aug 27 11:08:49 2026] nvidia_uvm: Unknown symbol nvUvmInterfaceReportFatalError (err -2)
[Thu Aug 27 11:08:49 2026] nvidia_uvm: Unknown symbol nvUvmInterfaceRegisterUvmCallbacks (err -2)
[Thu Aug 27 11:08:49 2026] nvidia_uvm: Unknown symbol nvUvmInterfacePmaPinPages (err -2)
[Thu Aug 27 11:08:49 2026] nvidia_uvm: Unknown symbol nvUvmInterfaceChannelAllocate (err -2)
[Thu Aug 27 11:08:49 2026] nvidia_uvm: Unknown symbol nvUvmInterfaceGetP2PCaps (err -2)
[Thu Aug 27 11:08:49 2026] nvidia_uvm: Unknown symbol nvUvmInterfaceEnableAccessCntr (err -2)
[Thu Aug 27 11:08:49 2026] nvidia_uvm: Unknown symbol nvUvmInterfacePmaUnregisterEvictionCallbacks (err -2)
[Thu Aug 27 11:08:49 2026] nvidia_uvm: Unknown symbol nvUvmInterfaceDupAllocation (err -2)
[Thu Aug 27 11:08:49 2026] nvidia_uvm: Unknown symbol nvUvmInterfacePmaAllocPages (err -2)
[Thu Aug 27 11:08:49 2026] nvidia_uvm: Unknown symbol nvUvmInterfaceSessionCreate (err -2)
[Thu Aug 27 11:08:49 2026] nvidia_modeset: Unknown symbol nvidia_get_rm_ops (err -2)