Worst case timeout for custommods = 3600 seconds
[cmd-3] $ /opt/nvidia/dgx-spark-fieldiag/dgx/tests/mods.580/fieldiag spec=GpuStressSpec max_file_size=500 specfile=dgxfielddiag.spe diag_type=field product_name=spark post_reset_delay_ms=0 row_remap_on_error append_log json pex_verbose
[cmd-3] 
[cmd-3] DiagType: field
[cmd-3] MODS start: Thu Aug 27 10:41:42 2026
[cmd-3] 
[cmd-3] Error Code = 000000000000 (ok)
[cmd-3] 
[cmd-3]  #######     ####     ######    ######
[cmd-3]  ########   ######   ########  ########
[cmd-3]  ##    ##  ##    ##  ##     #  ##     #
[cmd-3]  ##    ##  ##    ##   ###       ###
[cmd-3]  ########  ########    ####      ####
[cmd-3]  #######   ########      ###       ###
[cmd-3]  ##        ##    ##  #     ##  #     ##
[cmd-3]  ##        ##    ##  ########  ########
[cmd-3]  ##        ##    ##   ######    ######
[cmd-3] 
[cmd-3] MODS end  : Thu Aug 27 10:45:01 2026  [199.943 seconds (00:03:19.943 h:m:s)]
[cmd-3] MODS end  : Thu Aug 27 10:45:02 2026  [200.046 seconds (00:03:20.046 h:m:s)]
[2026-08-27 10:41:42.204005] ('Timeout Handler logs:',)
[2026-08-27 10:41:42.204066] ('[2026-08-27 10:41:42.204063] Initial timeout duration configured = 1800000 ms',)
