Worst case timeout for custommods = 3600 seconds
[cmd-15] $ /opt/nvidia/dgx-spark-fieldiag/dgx/tests/mods.580/fieldiag spec=PowerStressSpec max_file_size=500 specfile=dgxfielddiag.spe diag_type=field product_name=spark post_reset_delay_ms=0 row_remap_on_error append_log json pex_verbose
[cmd-15] 
[cmd-15] DiagType: field
[cmd-15] MODS start: Thu Aug 27 10:55:36 2026
[cmd-15] 
[cmd-15] Error Code = 000000000000 (ok)
[cmd-15] 
[cmd-15]  #######     ####     ######    ######
[cmd-15]  ########   ######   ########  ########
[cmd-15]  ##    ##  ##    ##  ##     #  ##     #
[cmd-15]  ##    ##  ##    ##   ###       ###
[cmd-15]  ########  ########    ####      ####
[cmd-15]  #######   ########      ###       ###
[cmd-15]  ##        ##    ##  #     ##  #     ##
[cmd-15]  ##        ##    ##  ########  ########
[cmd-15]  ##        ##    ##   ######    ######
[cmd-15] 
[cmd-15] MODS end  : Thu Aug 27 11:03:47 2026  [491.101 seconds (00:08:11.101 h:m:s)]
[cmd-15] MODS end  : Thu Aug 27 11:03:47 2026  [491.199 seconds (00:08:11.199 h:m:s)]
[2026-08-27 10:55:36.591796] ('Timeout Handler logs:',)
[2026-08-27 10:55:36.591915] ('[2026-08-27 10:55:36.591907] Initial timeout duration configured = 1800000 ms',)
