\BOOKMARK [1][-]{section.1}{\376\377\000I\000n\000t\000r\000o\000d\000u\000c\000t\000i\000o\000n}{}% 1
\BOOKMARK [1][-]{section.2}{\376\377\000B\000a\000c\000k\000g\000r\000o\000u\000n\000d\000\040\000a\000n\000d\000\040\000R\000e\000l\000a\000t\000e\000d\000\040\000W\000o\000r\000k}{}% 2
\BOOKMARK [1][-]{section.3}{\376\377\000B\000a\000c\000k\000g\000r\000o\000u\000n\000d\000\040\000a\000n\000d\000\040\000R\000e\000l\000a\000t\000e\000d\000\040\000W\000o\000r\000k}{}% 3
\BOOKMARK [2][-]{subsection.3.1}{\376\377\000Q\000u\000a\000n\000t\000a\000l\000\040\000R\000e\000s\000p\000o\000n\000s\000e\000\040\000E\000q\000u\000i\000l\000i\000b\000r\000i\000u\000m\000\040\000a\000n\000d\000\040\000S\000o\000f\000t\000m\000a\000x\000\040\000a\000s\000\040\000B\000o\000u\000n\000d\000e\000d\000\040\000R\000a\000t\000i\000o\000n\000a\000l\000i\000t\000y}{section.3}% 4
\BOOKMARK [2][-]{subsection.3.2}{\376\377\000M\000i\000r\000r\000o\000r\000\040\000D\000e\000s\000c\000e\000n\000t\000,\000\040\000O\000p\000t\000i\000m\000i\000z\000a\000t\000i\000o\000n\000\040\000G\000e\000o\000m\000e\000t\000r\000y\000,\000\040\000a\000n\000d\000\040\000R\000e\000g\000u\000l\000a\000r\000i\000z\000e\000d\000\040\000L\000e\000a\000r\000n\000i\000n\000g}{section.3}% 5
\BOOKMARK [2][-]{subsection.3.3}{\376\377\000M\000a\000g\000n\000e\000t\000i\000c\000\040\000M\000i\000r\000r\000o\000r\000\040\000D\000e\000s\000c\000e\000n\000t\000\040\000a\000n\000d\000\040\000C\000o\000n\000v\000e\000r\000g\000e\000n\000c\000e\000\040\000i\000n\000\040\000T\000w\000o\000-\000P\000l\000a\000y\000e\000r\000\040\000G\000a\000m\000e\000s}{section.3}% 6
\BOOKMARK [2][-]{subsection.3.4}{\376\377\000D\000e\000e\000p\000\040\000E\000q\000u\000i\000l\000i\000b\000r\000i\000u\000m\000\040\000M\000o\000d\000e\000l\000s\000:\000\040\000I\000m\000p\000l\000i\000c\000i\000t\000\040\000D\000e\000p\000t\000h\000\040\000a\000n\000d\000\040\000F\000i\000x\000e\000d\000-\000P\000o\000i\000n\000t\000\040\000C\000o\000m\000p\000u\000t\000a\000t\000i\000o\000n}{section.3}% 7
\BOOKMARK [2][-]{subsection.3.5}{\376\377\000W\000e\000i\000g\000h\000t\000\040\000T\000y\000i\000n\000g\000,\000\040\000R\000e\000c\000u\000r\000s\000i\000v\000e\000\040\000U\000p\000t\000r\000a\000i\000n\000i\000n\000g\000,\000\040\000a\000n\000d\000\040\000D\000e\000e\000p\000\040\000S\000u\000p\000e\000r\000v\000i\000s\000i\000o\000n}{section.3}% 8
\BOOKMARK [2][-]{subsection.3.6}{\376\377\000P\000r\000e\000f\000e\000r\000e\000n\000c\000e\000\040\000O\000p\000t\000i\000m\000i\000z\000a\000t\000i\000o\000n\000:\000\040\000M\000e\000c\000h\000a\000n\000i\000s\000m\000s\000\040\000a\000n\000d\000\040\000t\000h\000e\000\040\000C\000r\000i\000t\000i\000c\000a\000l\000\040\000D\000i\000s\000t\000i\000n\000c\000t\000i\000o\000n\000\040\000B\000e\000t\000w\000e\000e\000n\000\040\000P\000o\000l\000i\000c\000y\000\040\000a\000n\000d\000\040\000P\000a\000r\000a\000m\000e\000t\000e\000r\000\040\000S\000p\000a\000c\000e}{section.3}% 9
\BOOKMARK [2][-]{subsection.3.7}{\376\377\000M\000e\000c\000h\000a\000n\000i\000s\000m\000\040\000D\000e\000s\000i\000g\000n\000\040\000a\000n\000d\000\040\000T\000r\000u\000t\000h\000f\000u\000l\000\040\000A\000g\000g\000r\000e\000g\000a\000t\000i\000o\000n\000\040\000o\000f\000\040\000M\000u\000l\000t\000i\000p\000l\000e\000\040\000M\000o\000d\000e\000l\000s}{section.3}% 10
\BOOKMARK [2][-]{subsection.3.8}{\376\377\000L\000a\000n\000g\000u\000a\000g\000e\000\040\000M\000o\000d\000e\000l\000\040\000B\000e\000n\000c\000h\000m\000a\000r\000k\000s\000\040\000a\000n\000d\000\040\000S\000a\000m\000p\000l\000e\000-\000E\000f\000f\000i\000c\000i\000e\000n\000t\000\040\000E\000v\000a\000l\000u\000a\000t\000i\000o\000n}{section.3}% 11
\BOOKMARK [2][-]{subsection.3.9}{\376\377\000E\000q\000u\000i\000l\000i\000b\000r\000i\000u\000m\000,\000\040\000D\000e\000p\000t\000h\000,\000\040\000a\000n\000d\000\040\000C\000e\000r\000t\000i\000f\000i\000c\000a\000t\000i\000o\000n\000:\000\040\000A\000\040\000C\000o\000m\000p\000a\000r\000a\000t\000i\000v\000e\000\040\000L\000a\000n\000d\000s\000c\000a\000p\000e}{section.3}% 12
\BOOKMARK [1][-]{section.4}{\376\377\000E\000q\000u\000i\000l\000i\000b\000r\000i\000u\000m\000\040\000L\000a\000n\000g\000u\000a\000g\000e\000\040\000M\000o\000d\000e\000l\000s}{}% 13
\BOOKMARK [1][-]{section.5}{\376\377\000E\000x\000p\000e\000r\000i\000m\000e\000n\000t\000a\000l\000\040\000S\000e\000t\000u\000p}{}% 14
\BOOKMARK [1][-]{section.6}{\376\377\000E\000x\000p\000e\000r\000i\000m\000e\000n\000t\000a\000l\000\040\000S\000e\000t\000u\000p\000\040\000a\000n\000d\000\040\000C\000l\000o\000s\000u\000r\000e\000\040\000P\000r\000o\000t\000o\000c\000o\000l}{}% 15
\BOOKMARK [2][-]{subsection.6.1}{\376\377\000H\000y\000p\000o\000t\000h\000e\000s\000e\000s\000\040\000a\000n\000d\000\040\000V\000e\000r\000d\000i\000c\000t\000s}{section.6}% 16
\BOOKMARK [2][-]{subsection.6.2}{\376\377\000C\000o\000r\000p\000o\000r\000a}{section.6}% 17
\BOOKMARK [2][-]{subsection.6.3}{\376\377\000E\000v\000a\000l\000u\000a\000t\000i\000o\000n\000\040\000H\000a\000r\000n\000e\000s\000s\000\040\000a\000n\000d\000\040\000B\000e\000n\000c\000h\000m\000a\000r\000k}{section.6}% 18
\BOOKMARK [2][-]{subsection.6.4}{\376\377\000H\000a\000r\000d\000w\000a\000r\000e\000\040\000a\000n\000d\000\040\000T\000h\000e\000r\000m\000a\000l\000\040\000C\000o\000n\000s\000t\000r\000a\000i\000n\000t\000s}{section.6}% 19
\BOOKMARK [2][-]{subsection.6.5}{\376\377\000S\000t\000a\000t\000i\000s\000t\000i\000c\000a\000l\000\040\000P\000r\000o\000t\000o\000c\000o\000l}{section.6}% 20
\BOOKMARK [2][-]{subsection.6.6}{\376\377\000C\000o\000n\000f\000i\000g\000u\000r\000a\000t\000i\000o\000n\000\040\000H\000a\000s\000h\000i\000n\000g\000\040\000a\000n\000d\000\040\000P\000r\000o\000v\000e\000n\000a\000n\000c\000e}{section.6}% 21
\BOOKMARK [2][-]{subsection.6.7}{\376\377\000A\000d\000v\000e\000r\000s\000a\000r\000i\000a\000l\000\040\000R\000e\000v\000i\000e\000w\000\040\000P\000r\000o\000c\000e\000d\000u\000r\000e}{section.6}% 22
\BOOKMARK [2][-]{subsection.6.8}{\376\377\000S\000c\000a\000l\000e\000\040\000a\000n\000d\000\040\000T\000o\000k\000e\000n\000\040\000L\000i\000m\000i\000t\000s}{section.6}% 23
\BOOKMARK [1][-]{section.7}{\376\377\000R\000e\000s\000u\000l\000t\000s}{}% 24
\BOOKMARK [2][-]{subsection.7.1}{\376\377\000M\000a\000g\000n\000e\000t\000i\000c\000\040\000M\000i\000r\000r\000o\000r\000\040\000D\000e\000s\000c\000e\000n\000t\000\040\000C\000o\000n\000v\000e\000r\000g\000e\000n\000c\000e\000\040\000a\000n\000d\000\040\000S\000o\000l\000v\000e\000r\000\040\000E\000n\000g\000i\000n\000e\000e\000r\000i\000n\000g}{section.7}% 25
\BOOKMARK [2][-]{subsection.7.2}{\376\377\000M\000e\000c\000h\000a\000n\000i\000s\000m\000\040\000V\000a\000l\000i\000d\000a\000t\000i\000o\000n\000:\000\040\000T\000o\000k\000e\000n\000\040\000A\000u\000c\000t\000i\000o\000n\000\040\000T\000r\000u\000t\000h\000f\000u\000l\000n\000e\000s\000s}{section.7}% 26
\BOOKMARK [2][-]{subsection.7.3}{\376\377\000E\000q\000L\000M\000\040\000a\000t\000\040\000S\000m\000o\000k\000e\000\040\000S\000c\000a\000l\000e\000:\000\040\000P\000i\000p\000e\000l\000i\000n\000e\000\040\000V\000a\000l\000i\000d\000a\000t\000i\000o\000n\000\040\000a\000n\000d\000\040\000O\000p\000t\000i\000m\000i\000z\000e\000r\000\040\000F\000i\000x\000e\000s}{section.7}% 27
\BOOKMARK [2][-]{subsection.7.4}{\376\377\000T\000h\000e\000\040\000F\000i\000x\000e\000d\000-\000P\000o\000i\000n\000t\000\040\000M\000a\000p\000\040\000D\000i\000s\000c\000o\000v\000e\000r\000y\000\040\000a\000n\000d\000\040\000S\000o\000l\000v\000e\000r\000-\000A\000w\000a\000r\000e\000\040\000L\000o\000s\000s}{section.7}% 28
\BOOKMARK [2][-]{subsection.7.5}{\376\377\000H\0001\000\040\000I\000t\000e\000r\000a\000t\000i\000o\000n\000\040\0001\040\023\0002\000:\000\040\000T\000h\000e\000\040\0001\0001\000M\000-\000P\000a\000r\000a\000m\000e\000t\000e\000r\000\040\000V\000e\000r\000d\000i\000c\000t}{section.7}% 29
\BOOKMARK [2][-]{subsection.7.6}{\376\377\000T\000h\000e\000\040\0001\0002\0001\000M\000-\000P\000a\000r\000a\000m\000e\000t\000e\000r\000\040\000S\000t\000u\000d\000y\000\040\000a\000n\000d\000\040\000M\000e\000c\000h\000a\000n\000i\000s\000m\000\040\000C\000o\000r\000r\000e\000c\000t\000i\000o\000n}{section.7}% 30
\BOOKMARK [2][-]{subsection.7.7}{\376\377\000A\000n\000y\000t\000i\000m\000e\000-\000U\000n\000r\000o\000l\000l\000e\000d\000\040\000T\000r\000a\000i\000n\000i\000n\000g\000\040\000R\000e\000a\000c\000h\000e\000s\000\040\000P\000a\000r\000i\000t\000y}{section.7}% 31
\BOOKMARK [2][-]{subsection.7.8}{\376\377\000C\000e\000r\000t\000i\000f\000i\000c\000a\000t\000i\000o\000n\000\040\000a\000n\000d\000\040\000t\000h\000e\000\040\000Q\000u\000a\000l\000i\000t\000y\000-\000P\000r\000e\000s\000e\000r\000v\000a\000t\000i\000o\000n\000\040\000C\000h\000a\000l\000l\000e\000n\000g\000e}{section.7}% 32
\BOOKMARK [2][-]{subsection.7.9}{\376\377\000P\000r\000e\000f\000e\000r\000e\000n\000c\000e\000\040\000O\000p\000t\000i\000m\000i\000z\000a\000t\000i\000o\000n\000:\000\040\000W\000h\000e\000r\000e\000\040\000M\000a\000g\000n\000e\000t\000i\000c\000\040\000A\000n\000c\000h\000o\000r\000i\000n\000g\000\040\000D\000o\000e\000s\000\040\000N\000o\000t\000\040\000H\000e\000l\000p}{section.7}% 33
\BOOKMARK [2][-]{subsection.7.10}{\376\377\000T\000o\000k\000e\000n\000\040\000A\000u\000c\000t\000i\000o\000n\000s\000\040\000a\000t\000\040\000S\000c\000o\000r\000i\000n\000g\000\040\000T\000i\000m\000e}{section.7}% 34
\BOOKMARK [2][-]{subsection.7.11}{\376\377\000A\000u\000c\000t\000i\000o\000n\000\040\000D\000e\000c\000o\000d\000i\000n\000g\000\040\000i\000n\000\040\000C\000l\000o\000s\000e\000d\000\040\000L\000o\000o\000p\000:\000\040\000N\000e\000g\000a\000t\000i\000v\000e\000\040\000R\000e\000s\000u\000l\000t\000\040\000a\000n\000d\000\040\000M\000e\000t\000r\000i\000c\000\040\000L\000e\000s\000s\000o\000n}{section.7}% 35
\BOOKMARK [2][-]{subsection.7.12}{\376\377\000C\000o\000n\000v\000e\000r\000s\000i\000o\000n\000\040\000a\000t\000\040\0001\000.\0007\000B\000:\000\040\000T\000h\000e\000\040\000D\000a\000m\000a\000g\000e\000\040\000C\000u\000r\000v\000e}{section.7}% 36
\BOOKMARK [2][-]{subsection.7.13}{\376\377\000W\000h\000y\000\040\000G\000r\000a\000d\000i\000e\000n\000t\000\040\000D\000e\000s\000c\000e\000n\000t\000-\000A\000s\000c\000e\000n\000t\000\040\000C\000y\000c\000l\000e\000s\000\040\000a\000n\000d\000\040\000M\000M\000D\000\040\000C\000o\000n\000v\000e\000r\000g\000e\000s}{section.7}% 37
\BOOKMARK [2][-]{subsection.7.14}{\376\377\000T\000h\000e\000\040\000A\000u\000c\000t\000i\000o\000n\000\040\000T\000r\000u\000t\000h\000f\000u\000l\000n\000e\000s\000s\000\040\000G\000a\000t\000e}{section.7}% 38
\BOOKMARK [2][-]{subsection.7.15}{\376\377\000E\000q\000L\000M\000'\000s\000\040\000D\000i\000a\000g\000n\000o\000s\000t\000i\000c\000\040\000J\000o\000u\000r\000n\000e\000y\000:\000\040\000S\000m\000o\000k\000e\000\040\000t\000o\000\040\0001\0001\000M\000\040\000t\000o\000\040\0001\0002\0001\000M}{section.7}% 39
\BOOKMARK [2][-]{subsection.7.16}{\376\377\000T\000h\000e\000\040\000S\000c\000a\000l\000e\000\040\000T\000r\000e\000n\000d\000\040\000a\000n\000d\000\040\000M\000e\000c\000h\000a\000n\000i\000s\000m\000\040\000C\000o\000r\000r\000e\000c\000t\000i\000o\000n}{section.7}% 40
\BOOKMARK [2][-]{subsection.7.17}{\376\377\000T\000r\000a\000i\000n\000i\000n\000g\000\040\000R\000e\000g\000i\000m\000e\000\040\000a\000s\000\040\000t\000h\000e\000\040\000P\000i\000v\000o\000t}{section.7}% 41
\BOOKMARK [2][-]{subsection.7.18}{\376\377\000T\000h\000e\000\040\000C\000e\000r\000t\000i\000f\000i\000c\000a\000t\000i\000o\000n\000\040\000P\000a\000r\000a\000d\000o\000x}{section.7}% 42
\BOOKMARK [2][-]{subsection.7.19}{\376\377\000W\000h\000y\000\040\000t\000h\000e\000\040\000M\000a\000g\000n\000e\000t\000i\000c\000\040\000A\000n\000c\000h\000o\000r\000\040\000F\000a\000i\000l\000s\000\040\000i\000n\000\040\000P\000r\000e\000f\000e\000r\000e\000n\000c\000e\000\040\000O\000p\000t\000i\000m\000i\000z\000a\000t\000i\000o\000n}{section.7}% 43
\BOOKMARK [2][-]{subsection.7.20}{\376\377\000T\000h\000e\000\040\000A\000u\000c\000t\000i\000o\000n\000'\000s\000\040\000S\000c\000o\000r\000i\000n\000g\000-\000T\000i\000m\000e\000\040\000A\000d\000v\000a\000n\000t\000a\000g\000e\000\040\000a\000n\000d\000\040\000C\000l\000o\000s\000e\000d\000-\000L\000o\000o\000p\000\040\000C\000o\000l\000l\000a\000p\000s\000e}{section.7}% 44
\BOOKMARK [2][-]{subsection.7.21}{\376\377\000T\000h\000e\000\040\0001\000.\0007\000B\000\040\000C\000o\000n\000v\000e\000r\000s\000i\000o\000n\000\040\000a\000n\000d\000\040\000U\000p\000t\000r\000a\000i\000n\000i\000n\000g}{section.7}% 45
\BOOKMARK [2][-]{subsection.7.22}{\376\377\000T\000h\000e\000\040\000I\000m\000p\000l\000i\000c\000i\000t\000\040\000v\000e\000r\000s\000u\000s\000\040\000A\000n\000y\000t\000i\000m\000e\000\040\000T\000r\000a\000i\000n\000i\000n\000g\000\040\000B\000o\000u\000n\000d\000a\000r\000y}{section.7}% 46
\BOOKMARK [2][-]{subsection.7.23}{\376\377\000C\000o\000n\000v\000e\000r\000g\000e\000n\000c\000e\000\040\000R\000a\000t\000e\000\040\000a\000s\000\040\000a\000\040\000D\000i\000a\000g\000n\000o\000s\000t\000i\000c\000\040\000S\000i\000g\000n\000a\000l}{section.7}% 47
\BOOKMARK [2][-]{subsection.7.24}{\376\377\000T\000h\000e\000\040\000A\000n\000y\000t\000i\000m\000e\000\040\000P\000r\000o\000p\000e\000r\000t\000y\000\040\000A\000c\000r\000o\000s\000s\000\040\000B\000u\000d\000g\000e\000t\000s}{section.7}% 48
\BOOKMARK [2][-]{subsection.7.25}{\376\377\000M\000e\000m\000o\000r\000y\000,\000\040\000W\000a\000l\000l\000-\000C\000l\000o\000c\000k\000,\000\040\000a\000n\000d\000\040\000t\000h\000e\000\040\000S\000p\000e\000e\000d\040\023\000M\000e\000m\000o\000r\000y\000\040\000T\000r\000a\000d\000e\000-\000o\000f\000f}{section.7}% 49
\BOOKMARK [2][-]{subsection.7.26}{\376\377\000P\000r\000e\000f\000e\000r\000e\000n\000c\000e\000\040\000O\000p\000t\000i\000m\000i\000z\000a\000t\000i\000o\000n\000\040\000a\000n\000d\000\040\000t\000h\000e\000\040\000D\000r\000i\000f\000t\000-\000R\000e\000s\000i\000s\000t\000a\000n\000c\000e\000\040\000A\000r\000c\000h\000i\000t\000e\000c\000t\000u\000r\000e}{section.7}% 50
\BOOKMARK [2][-]{subsection.7.27}{\376\377\000A\000u\000c\000t\000i\000o\000n\000\040\000S\000e\000l\000e\000c\000t\000i\000o\000n\000\040\000W\000i\000t\000h\000i\000n\000\040\000a\000n\000d\000\040\000A\000c\000r\000o\000s\000s\000\040\000D\000o\000m\000a\000i\000n\000s}{section.7}% 51
\BOOKMARK [2][-]{subsection.7.28}{\376\377\000W\000h\000y\000\040\000t\000h\000e\000\040\000J\000u\000d\000g\000e\000'\000s\000\040\000S\000t\000y\000l\000e\000\040\000P\000r\000i\000o\000r\000\040\000M\000a\000t\000t\000e\000r\000s}{section.7}% 52
\BOOKMARK [2][-]{subsection.7.29}{\376\377\000L\000a\000y\000e\000r\000\040\000T\000y\000i\000n\000g\000\040\000a\000n\000d\000\040\000C\000o\000n\000v\000e\000r\000s\000i\000o\000n\000\040\000D\000a\000m\000a\000g\000e}{section.7}% 53
\BOOKMARK [2][-]{subsection.7.30}{\376\377\000T\000h\000e\000\040\000A\000m\000e\000n\000d\000m\000e\000n\000t\000\040\000o\000f\000\040\000t\000h\000e\000\040\000P\000a\000r\000a\000m\000e\000t\000e\000r\000\040\000G\000a\000t\000e}{section.7}% 54
\BOOKMARK [2][-]{subsection.7.31}{\376\377\000S\000u\000m\000m\000a\000r\000y\000\040\000o\000f\000\040\000A\000l\000t\000e\000r\000n\000a\000t\000i\000v\000e\000s\000\040\000R\000u\000l\000e\000d\000\040\000O\000u\000t}{section.7}% 55
\BOOKMARK [2][-]{subsection.7.32}{\376\377\000P\000r\000e\000f\000e\000r\000e\000n\000c\000e\000\040\000O\000p\000t\000i\000m\000i\000z\000a\000t\000i\000o\000n\000:\000\040\000P\000r\000o\000t\000o\000c\000o\000l\000\040\000a\000n\000d\000\040\000I\000n\000t\000e\000r\000p\000r\000e\000t\000a\000t\000i\000o\000n}{section.7}% 56
\BOOKMARK [2][-]{subsection.7.33}{\376\377\000T\000h\000e\000\040\000D\000r\000i\000f\000t\000-\000R\000e\000s\000i\000s\000t\000a\000n\000c\000e\000\040\000P\000r\000o\000p\000e\000r\000t\000y\000:\000\040\000M\000e\000c\000h\000a\000n\000i\000s\000m\000\040\000a\000n\000d\000\040\000I\000m\000p\000l\000i\000c\000a\000t\000i\000o\000n\000s}{section.7}% 57
\BOOKMARK [2][-]{subsection.7.34}{\376\377\000A\000u\000c\000t\000i\000o\000n\000\040\000A\000g\000g\000r\000e\000g\000a\000t\000i\000o\000n\000:\000\040\000S\000c\000o\000r\000i\000n\000g\000\040\000T\000i\000m\000e\000\040\000v\000s\000.\000\040\000G\000e\000n\000e\000r\000a\000t\000i\000o\000n\000\040\000T\000i\000m\000e}{section.7}% 58
\BOOKMARK [2][-]{subsection.7.35}{\376\377\000T\000r\000u\000t\000h\000f\000u\000l\000n\000e\000s\000s\000\040\000a\000n\000d\000\040\000I\000n\000c\000e\000n\000t\000i\000v\000e\000\040\000C\000o\000m\000p\000a\000t\000i\000b\000i\000l\000i\000t\000y}{section.7}% 59
\BOOKMARK [2][-]{subsection.7.36}{\376\377\000S\000c\000a\000l\000e\000-\000d\000e\000p\000e\000n\000d\000e\000n\000t\000\040\000A\000r\000c\000h\000i\000t\000e\000c\000t\000u\000r\000e\000\040\000P\000r\000o\000p\000e\000r\000t\000i\000e\000s}{section.7}% 60
\BOOKMARK [2][-]{subsection.7.37}{\376\377\000R\000e\000p\000r\000o\000d\000u\000c\000i\000b\000i\000l\000i\000t\000y\000\040\000a\000n\000d\000\040\000A\000u\000d\000i\000t\000\040\000T\000r\000a\000i\000l}{section.7}% 61
\BOOKMARK [2][-]{subsection.7.38}{\376\377\000T\000h\000e\000\040\000S\000c\000o\000r\000i\000n\000g\000-\000T\000i\000m\000e\000\040\000W\000i\000n\000:\000\040\000P\000e\000r\000-\000T\000o\000k\000e\000n\000\040\000S\000p\000e\000c\000i\000a\000l\000i\000s\000t\000\040\000S\000e\000l\000e\000c\000t\000i\000o\000n}{section.7}% 62
\BOOKMARK [2][-]{subsection.7.39}{\376\377\000T\000h\000e\000\040\000G\000e\000n\000e\000r\000a\000t\000i\000o\000n\000-\000T\000i\000m\000e\000\040\000L\000o\000s\000s\000:\000\040\000E\000x\000p\000o\000s\000u\000r\000e\000\040\000B\000i\000a\000s\000\040\000a\000n\000d\000\040\000S\000t\000y\000l\000e\000\040\000D\000r\000i\000f\000t}{section.7}% 63
\BOOKMARK [2][-]{subsection.7.40}{\376\377\000I\000d\000e\000n\000t\000i\000f\000i\000e\000d\000\040\000F\000o\000l\000l\000o\000w\000-\000U\000p\000s\000:\000\040\000C\000o\000n\000t\000e\000x\000t\000-\000A\000w\000a\000r\000e\000\040\000B\000i\000d\000s\000\040\000a\000n\000d\000\040\000S\000t\000y\000l\000e\000-\000N\000e\000u\000t\000r\000a\000l\000\040\000J\000u\000d\000g\000e\000s}{section.7}% 64
\BOOKMARK [2][-]{subsection.7.41}{\376\377\000C\000o\000n\000v\000e\000r\000s\000i\000o\000n\000\040\000a\000n\000d\000\040\000U\000p\000t\000r\000a\000i\000n\000i\000n\000g\000:\000\040\000D\000e\000s\000i\000g\000n\000\040\000M\000e\000a\000s\000u\000r\000e\000m\000e\000n\000t\000s\000\040\000a\000n\000d\000\040\000F\000u\000t\000u\000r\000e\000\040\000W\000o\000r\000k}{section.7}% 65
\BOOKMARK [2][-]{subsection.7.42}{\376\377\000T\000h\000e\000\040\000M\000e\000t\000a\000-\000P\000a\000t\000t\000e\000r\000n\000:\000\040\000D\000i\000a\000g\000n\000o\000s\000i\000s\000\040\000D\000r\000i\000v\000e\000s\000\040\000I\000n\000v\000e\000n\000t\000i\000o\000n}{section.7}% 66
\BOOKMARK [2][-]{subsection.7.43}{\376\377\000T\000h\000e\000\040\000C\000l\000o\000s\000u\000r\000e\000\040\000C\000o\000n\000t\000r\000a\000c\000t\000\040\000i\000n\000\040\000P\000r\000a\000c\000t\000i\000c\000e}{section.7}% 67
\BOOKMARK [1][-]{section.8}{\376\377\000D\000i\000s\000c\000u\000s\000s\000i\000o\000n}{}% 68
\BOOKMARK [1][-]{section.9}{\376\377\000D\000i\000s\000c\000u\000s\000s\000i\000o\000n}{}% 69
\BOOKMARK [1][-]{section.10}{\376\377\000L\000i\000m\000i\000t\000a\000t\000i\000o\000n\000s}{}% 70
\BOOKMARK [1][-]{section.11}{\376\377\000L\000i\000m\000i\000t\000a\000t\000i\000o\000n\000s}{}% 71
\BOOKMARK [1][-]{section.12}{\376\377\000C\000o\000n\000c\000l\000u\000s\000i\000o\000n\000s\000\040\000a\000n\000d\000\040\000F\000u\000t\000u\000r\000e\000\040\000W\000o\000r\000k}{}% 72
\BOOKMARK [1][-]{section.13}{\376\377\000C\000o\000n\000c\000l\000u\000s\000i\000o\000n}{}% 73
\BOOKMARK [1][-]{appendix.A}{\376\377\000P\000e\000r\000-\000S\000e\000e\000d\000\040\000R\000e\000s\000u\000l\000t\000s}{}% 74
\BOOKMARK [2][-]{subsection.A.1}{\376\377\0001\0002\0001\000M\000\040\000P\000r\000e\000t\000r\000a\000i\000n\000i\000n\000g\000:\000\040\000M\000a\000i\000n\000\040\000V\000e\000r\000d\000i\000c\000t\000\040\000a\000n\000d\000\040\000A\000n\000y\000t\000i\000m\000e\000\040\000T\000r\000a\000i\000n\000i\000n\000g}{appendix.A}% 75
\BOOKMARK [2][-]{subsection.A.2}{\376\377\000A\000n\000y\000t\000i\000m\000e\000\040\000I\000n\000f\000e\000r\000e\000n\000c\000e\000\040\000B\000u\000d\000g\000e\000t\000\040\000S\000w\000e\000e\000p}{appendix.A}% 76
\BOOKMARK [2][-]{subsection.A.3}{\376\377\000S\000i\000n\000g\000l\000e\000-\000S\000e\000e\000d\000\040\000C\000e\000r\000t\000i\000f\000i\000c\000a\000t\000i\000o\000n\000\040\000a\000n\000d\000\040\000A\000b\000l\000a\000t\000i\000o\000n\000\040\000A\000r\000m\000s}{appendix.A}% 77
\BOOKMARK [2][-]{subsection.A.4}{\376\377\000P\000r\000e\000f\000e\000r\000e\000n\000c\000e\000\040\000O\000p\000t\000i\000m\000i\000z\000a\000t\000i\000o\000n\000\040\000H\000e\000l\000d\000-\000O\000u\000t\000\040\000A\000c\000c\000u\000r\000a\000c\000y\000\040\000a\000n\000d\000\040\000K\000L\000\040\000D\000r\000i\000f\000t}{appendix.A}% 78
\BOOKMARK [2][-]{subsection.A.5}{\376\377\000A\000u\000c\000t\000i\000o\000n\000\040\000S\000c\000o\000r\000i\000n\000g\000-\000T\000i\000m\000e\000\040\000S\000e\000l\000e\000c\000t\000i\000o\000n\000:\000\040\000M\000i\000x\000e\000d\000-\000D\000o\000m\000a\000i\000n\000\040\000P\000e\000r\000p\000l\000e\000x\000i\000t\000y}{appendix.A}% 79
\BOOKMARK [2][-]{subsection.A.6}{\376\377\000A\000u\000c\000t\000i\000o\000n\000\040\000C\000l\000o\000s\000e\000d\000-\000L\000o\000o\000p\000\040\000G\000e\000n\000e\000r\000a\000t\000i\000o\000n\000:\000\040\000J\000u\000d\000g\000e\000\040\000N\000L\000L}{appendix.A}% 80
\BOOKMARK [2][-]{subsection.A.7}{\376\377\000D\000a\000m\000a\000g\000e\000\040\000C\000u\000r\000v\000e\000:\000\040\000L\000a\000y\000e\000r\000-\000T\000y\000i\000n\000g\000\040\000T\000o\000p\000o\000l\000o\000g\000y\000\040\000S\000e\000a\000r\000c\000h\000\040\000o\000n\000\040\000Q\000w\000e\000n\0003\000-\0001\000.\0007\000B}{appendix.A}% 81
\BOOKMARK [1][-]{appendix.B}{\376\377\000H\000y\000p\000e\000r\000p\000a\000r\000a\000m\000e\000t\000e\000r\000s}{}% 82
\BOOKMARK [2][-]{subsection.B.1}{\376\377\0001\0002\0001\000M\000\040\000P\000r\000e\000t\000r\000a\000i\000n\000i\000n\000g\000:\000\040\000D\000a\000t\000a\000\040\000a\000n\000d\000\040\000O\000p\000t\000i\000m\000i\000z\000e\000r}{appendix.B}% 83
\BOOKMARK [2][-]{subsection.B.2}{\376\377\000E\000q\000L\000M\000\040\000A\000r\000c\000h\000i\000t\000e\000c\000t\000u\000r\000e\000\040\000D\000e\000t\000a\000i\000l\000s}{appendix.B}% 84
\BOOKMARK [2][-]{subsection.B.3}{\376\377\000A\000n\000y\000t\000i\000m\000e\000\040\000T\000r\000a\000i\000n\000i\000n\000g}{appendix.B}% 85
\BOOKMARK [2][-]{subsection.B.4}{\376\377\000S\000o\000l\000v\000e\000r\000-\000A\000w\000a\000r\000e\000\040\000A\000u\000x\000i\000l\000i\000a\000r\000y\000\040\000L\000o\000s\000s}{appendix.B}% 86
\BOOKMARK [2][-]{subsection.B.5}{\376\377\000P\000r\000e\000f\000e\000r\000e\000n\000c\000e\000\040\000O\000p\000t\000i\000m\000i\000z\000a\000t\000i\000o\000n}{appendix.B}% 87
\BOOKMARK [2][-]{subsection.B.6}{\376\377\000S\000p\000e\000c\000i\000a\000l\000i\000s\000t\000\040\000M\000o\000d\000e\000l\000s\000\040\000a\000n\000d\000\040\000A\000u\000c\000t\000i\000o\000n\000\040\000S\000e\000t\000u\000p}{appendix.B}% 88
\BOOKMARK [2][-]{subsection.B.7}{\376\377\000Q\000w\000e\000n\0003\000\040\000C\000o\000n\000v\000e\000r\000s\000i\000o\000n\000\040\000\050\000F\0002\0005\000\051}{appendix.B}% 89
